[     253ms] [INFO] %cDownload the React DevTools for a better development experience: https://react.dev/link/react-devtools font-weight:bold @ http://localhost:3001/_next/static/chunks/01vs_next_dist_0z7rf41._.js:2477
[     274ms] [LOG] [HMR] connected @ http://localhost:3001/_next/static/chunks/01vs_next_dist_0z7rf41._.js:2477
[     764ms] [WARNING] Canvas2D: Multiple readback operations using getImageData are faster with the willReadFrequently attribute set to true. See: https://html.spec.whatwg.org/multipage/canvas.html#concept-canvas-will-read-frequently @ https://webapi.amap.com/maps?callback=___onAPILoaded&v=2.0&key=44797665cc12a977e02cc47812c0dca7&plugin=AMap.Polygon,AMap.Marker,AMap.InfoWindow,AMap.MassMarks:0
[  424076ms] [LOG] [Fast Refresh] rebuilding @ http://localhost:3001/_next/static/chunks/01vs_next_dist_0z7rf41._.js:2477
[  424107ms] [LOG] [Fast Refresh] done in 88ms @ http://localhost:3001/_next/static/chunks/01vs_next_dist_0z7rf41._.js:2477
[ 1635633ms] [LOG] [Fast Refresh] rebuilding @ http://localhost:3001/_next/static/chunks/01vs_next_dist_0z7rf41._.js:2477
[ 1635641ms] [LOG] [Fast Refresh] done in 119ms @ http://localhost:3001/_next/static/chunks/01vs_next_dist_0z7rf41._.js:2477
[ 1636849ms] [LOG] [Fast Refresh] rebuilding @ http://localhost:3001/_next/static/chunks/01vs_next_dist_0z7rf41._.js:2477
[ 1637356ms] [LOG] [Fast Refresh] done in 608ms @ http://localhost:3001/_next/static/chunks/01vs_next_dist_0z7rf41._.js:2477
[ 1653640ms] [LOG] [Fast Refresh] rebuilding @ http://localhost:3001/_next/static/chunks/01vs_next_dist_0z7rf41._.js:2477
[ 1653822ms] [LOG] [Fast Refresh] done in 284ms @ http://localhost:3001/_next/static/chunks/01vs_next_dist_0z7rf41._.js:2477
[ 1653924ms] [LOG] [Fast Refresh] rebuilding @ http://localhost:3001/_next/static/chunks/01vs_next_dist_0z7rf41._.js:2477
[ 1654081ms] [LOG] [Fast Refresh] done in 260ms @ http://localhost:3001/_next/static/chunks/01vs_next_dist_0z7rf41._.js:2477
[ 1788183ms] [LOG] [Fast Refresh] rebuilding @ http://localhost:3001/_next/static/chunks/01vs_next_dist_0z7rf41._.js:2477
[ 1788212ms] [LOG] [Fast Refresh] done in 76ms @ http://localhost:3001/_next/static/chunks/01vs_next_dist_0z7rf41._.js:2477
[ 1788359ms] [LOG] [Fast Refresh] rebuilding @ http://localhost:3001/_next/static/chunks/01vs_next_dist_0z7rf41._.js:2477
[ 1788388ms] [LOG] [Fast Refresh] done in 41ms @ http://localhost:3001/_next/static/chunks/01vs_next_dist_0z7rf41._.js:2477
[ 1788579ms] [LOG] [Fast Refresh] rebuilding @ http://localhost:3001/_next/static/chunks/01vs_next_dist_0z7rf41._.js:2477
[ 1788606ms] [LOG] [Fast Refresh] done in 21ms @ http://localhost:3001/_next/static/chunks/01vs_next_dist_0z7rf41._.js:2477
[ 4210860ms] [LOG] [Fast Refresh] rebuilding @ http://localhost:3001/_next/static/chunks/01vs_next_dist_0z7rf41._.js:2477
[ 4210922ms] [LOG] [Fast Refresh] done in 82ms @ http://localhost:3001/_next/static/chunks/01vs_next_dist_0z7rf41._.js:2477
[ 4747257ms] [LOG] [Fast Refresh] rebuilding @ http://localhost:3001/_next/static/chunks/01vs_next_dist_0z7rf41._.js:2477
[ 4747285ms] [LOG] [Fast Refresh] done in 46ms @ http://localhost:3001/_next/static/chunks/01vs_next_dist_0z7rf41._.js:2477
[ 4747709ms] [LOG] [Fast Refresh] rebuilding @ http://localhost:3001/_next/static/chunks/01vs_next_dist_0z7rf41._.js:2477
[ 4747738ms] [LOG] [Fast Refresh] done in 73ms @ http://localhost:3001/_next/static/chunks/01vs_next_dist_0z7rf41._.js:2477
