[    1280ms] [WARNING] A parser-blocking, cross site (i.e. different eTLD+1) script, https://jhelper.shanghai.gov.cn/publicJS/3101200012.js, is invoked via document.write. The network request for this script MAY be blocked by the browser in this or a future page load due to poor network connectivity. If blocked in this page load, it will be confirmed in a subsequent console message. See https://www.chromestatus.com/feature/5718547946799104 for more details. @ https://xxgk.fengxian.gov.cn/lang/wza/wza.js:1
[    1281ms] [WARNING] A parser-blocking, cross site (i.e. different eTLD+1) script, https://jhelper.shanghai.gov.cn/publicJS/3101200012.js, is invoked via document.write. The network request for this script MAY be blocked by the browser in this or a future page load due to poor network connectivity. If blocked in this page load, it will be confirmed in a subsequent console message. See https://www.chromestatus.com/feature/5718547946799104 for more details. @ https://xxgk.fengxian.gov.cn/lang/wza/wza.js:1
[    1342ms] [WARNING] A parser-blocking, cross site (i.e. different eTLD+1) script, https://wza.shanghai.gov.cn/a11y/schubert.js, is invoked via document.write. The network request for this script MAY be blocked by the browser in this or a future page load due to poor network connectivity. If blocked in this page load, it will be confirmed in a subsequent console message. See https://www.chromestatus.com/feature/5718547946799104 for more details. @ https://jhelper.shanghai.gov.cn/publicJS/3101200012.js:74
[    1342ms] [WARNING] A parser-blocking, cross site (i.e. different eTLD+1) script, https://wza.shanghai.gov.cn/a11y/schubert.js, is invoked via document.write. The network request for this script MAY be blocked by the browser in this or a future page load due to poor network connectivity. If blocked in this page load, it will be confirmed in a subsequent console message. See https://www.chromestatus.com/feature/5718547946799104 for more details. @ https://jhelper.shanghai.gov.cn/publicJS/3101200012.js:74
[    1342ms] [WARNING] A parser-blocking, cross site (i.e. different eTLD+1) script, https://stat.shanghai.gov.cn/js/ew_tracker.js, is invoked via document.write. The network request for this script MAY be blocked by the browser in this or a future page load due to poor network connectivity. If blocked in this page load, it will be confirmed in a subsequent console message. See https://www.chromestatus.com/feature/5718547946799104 for more details. @ https://jhelper.shanghai.gov.cn/publicJS/3101200012.js:74
[    1342ms] [WARNING] A parser-blocking, cross site (i.e. different eTLD+1) script, https://voice.shanghai.gov.cn/js/gov_msc.js, is invoked via document.write. The network request for this script MAY be blocked by the browser in this or a future page load due to poor network connectivity. If blocked in this page load, it will be confirmed in a subsequent console message. See https://www.chromestatus.com/feature/5718547946799104 for more details. @ https://jhelper.shanghai.gov.cn/publicJS/3101200012.js:74
[    1342ms] [WARNING] A parser-blocking, cross site (i.e. different eTLD+1) script, https://stat.shanghai.gov.cn/js/tongyi/jhelper/languagecommon.js, is invoked via document.write. The network request for this script MAY be blocked by the browser in this or a future page load due to poor network connectivity. If blocked in this page load, it will be confirmed in a subsequent console message. See https://www.chromestatus.com/feature/5718547946799104 for more details. @ https://jhelper.shanghai.gov.cn/publicJS/3101200012.js:74
[    1342ms] [WARNING] A parser-blocking, cross site (i.e. different eTLD+1) script, https://stat.shanghai.gov.cn/wzagjt/jhelper_wza.js, is invoked via document.write. The network request for this script MAY be blocked by the browser in this or a future page load due to poor network connectivity. If blocked in this page load, it will be confirmed in a subsequent console message. See https://www.chromestatus.com/feature/5718547946799104 for more details. @ https://jhelper.shanghai.gov.cn/publicJS/3101200012.js:74
[    1342ms] [WARNING] A parser-blocking, cross site (i.e. different eTLD+1) script, https://jhelper.shanghai.gov.cn/wzagjt/a11y/access.js, is invoked via document.write. The network request for this script MAY be blocked by the browser in this or a future page load due to poor network connectivity. If blocked in this page load, it will be confirmed in a subsequent console message. See https://www.chromestatus.com/feature/5718547946799104 for more details. @ https://jhelper.shanghai.gov.cn/publicJS/3101200012.js:74
[    1342ms] [WARNING] A parser-blocking, cross site (i.e. different eTLD+1) script, https://jhelper.shanghai.gov.cn/jhelper/myshare/share.min.js, is invoked via document.write. The network request for this script MAY be blocked by the browser in this or a future page load due to poor network connectivity. If blocked in this page load, it will be confirmed in a subsequent console message. See https://www.chromestatus.com/feature/5718547946799104 for more details. @ https://jhelper.shanghai.gov.cn/publicJS/3101200012.js:74
[    1342ms] [WARNING] A parser-blocking, cross site (i.e. different eTLD+1) script, https://stat.shanghai.gov.cn/js/point_js/point_297.js, is invoked via document.write. The network request for this script MAY be blocked by the browser in this or a future page load due to poor network connectivity. If blocked in this page load, it will be confirmed in a subsequent console message. See https://www.chromestatus.com/feature/5718547946799104 for more details. @ https://jhelper.shanghai.gov.cn/publicJS/3101200012.js:74
[    1343ms] [WARNING] A parser-blocking, cross site (i.e. different eTLD+1) script, https://jhelper.shanghai.gov.cn/publicpack/api/getWeather?location=fengxian, is invoked via document.write. The network request for this script MAY be blocked by the browser in this or a future page load due to poor network connectivity. If blocked in this page load, it will be confirmed in a subsequent console message. See https://www.chromestatus.com/feature/5718547946799104 for more details. @ https://jhelper.shanghai.gov.cn/publicJS/3101200012.js:74
[    1398ms] [LOG] %c Schubert %c is a great composer %c background:#337ab7; padding: 1px; border-radius: 4px 0 0 4px; color: #fff background:#5bc0de; padding: 1px; border-radius: 0 4px 4px 0; color: #fff background:transparent @ https://wza.shanghai.gov.cn/a11y/schubert.js:1
[    1399ms] [LOG] Welcome to  %cTTTTTT%c %cRRRRRR%c %cOOOOOO%c %cUU%c  %cUU%c %cTTTTTT%c
              %cTT%c   %cRR%c  %cRR%c %cOO%c  %cOO%c %cUU%c  %cUU%c   %cTT%c
              %cTT%c   %cRRRRR%c  %cOO%c  %cOO%c %cUU%c  %cUU%c   %cTT%c
              %cTT%c   %cRR%c  %cRR%c %cOO%c  %cOO%c %cUU%c  %cUU%c   %cTT%c
              %cTT%c   %cRR%c  %cRR%c %cOOOOOO%c %cUUUUUU%c   %cTT%c  v2.6.8.1 background:#268; color: #268;border-radius: 4px; background:transparent background:#268; color: #268;border-radius: 4px 12px 0 0; background:transparent background:#268; color: #268;border-radius: 12px 12px 0 0; background:transparent background:#268; color: #268;border-radius: 4px 4px 0 0; background:transparent background:#268; color: #268;border-radius: 4px 4px 0 0; background:transparent background:#268; color: #268;border-radius: 4px; background:transparent background:#268; color: #268; background:transparent background:#268; color: #268; background:transparent background:#268; color: #268;border-radius: 0 0 8px 0; background:transparent background:#268; color: #268; background:transparent background:#268; color: #268; background:transparent background:#268; color: #268; background:transparent background:#268; color: #268; background:transparent background:#268; color: #268; background:transparent background:#268; color: #268; background:transparent background:#268; color: #268; background:transparent background:#268; color: #268; background:transparent background:#268; color: #268; background:transparent background:#268; color: #268; background:transparent background:#268; color: #268; background:transparent background:#268; color: #268; background:transparent background:#268; color: #268; background:transparent background:#268; color: #268; background:transparent background:#268; color: #268;border-radius: 0 8px 0 0;", background:transparent background:#268; color: #268; background:transparent background:#268; color: #268; background:transparent background:#268; color: #268; background:transparent background:#268; color: #268; background:transparent background:#268; color: #268; background:transparent background:#268; color: #268;border-radius: 0 0 4px 4px; background:transparent background:#268; color: #268;border-radius: 0 0 4px 4px; background:transparent background:#268; color: #268;border-radius: 0 0 4px 4px; background:transparent background:#268; color: #268;border-radius: 0 0 12px 12px;", background:transparent background:#268; color: #268;border-radius: 0 0 12px 12px;", background:transparent background:#268; color: #268;border-radius: 0 0 4px 4px; background:transparent @ https://wza.shanghai.gov.cn/a11y/schubert.js:1
[    1614ms] [ERROR] TypeError: Cannot read properties of undefined (reading 'replace')
    at o.processHtml (https://xxgk.fengxian.gov.cn/js/chunk-2ebaf27a.c34f885e.js:1:42208)
    at fn (https://xxgk.fengxian.gov.cn/js/chunk-2ebaf27a.c34f885e.js:1:25037)
    at n (https://xxgk.fengxian.gov.cn/js/chunk-vendors.2f4994c7.js:11:16508)
    at o.jt [as _t] (https://xxgk.fengxian.gov.cn/js/chunk-vendors.2f4994c7.js:11:17345)
    at o.a (https://xxgk.fengxian.gov.cn/js/app.5a1fa289.js:1:50705)
    at e._render (https://xxgk.fengxian.gov.cn/js/chunk-vendors.2f4994c7.js:11:23733)
    at o.n (https://xxgk.fengxian.gov.cn/js/chunk-vendors.2f4994c7.js:11:27824)
    at tn.get (https://xxgk.fengxian.gov.cn/js/chunk-vendors.2f4994c7.js:11:30684)
    at new tn (https://xxgk.fengxian.gov.cn/js/chunk-vendors.2f4994c7.js:11:30602)
    at Rr (https://xxgk.fengxian.gov.cn/js/chunk-vendors.2f4994c7.js:11:27838) @ https://xxgk.fengxian.gov.cn/js/chunk-vendors.2f4994c7.js:10
[    1616ms] [LOG] o @ https://xxgk.fengxian.gov.cn/js/app.5a1fa289.js:0
[    1616ms] [LOG] depth: 0 @ https://xxgk.fengxian.gov.cn/js/app.5a1fa289.js:0
[    1616ms] [LOG] parent.$options.name: undefined @ https://xxgk.fengxian.gov.cn/js/app.5a1fa289.js:0
[    1616ms] [LOG] o @ https://xxgk.fengxian.gov.cn/js/app.5a1fa289.js:0
[    1616ms] [LOG] depth: 1 @ https://xxgk.fengxian.gov.cn/js/app.5a1fa289.js:0
[    1616ms] [LOG] parent.$options.name: App @ https://xxgk.fengxian.gov.cn/js/app.5a1fa289.js:0
[    1616ms] [LOG] 页面 artInfo 已挂载 @ https://xxgk.fengxian.gov.cn/js/app.5a1fa289.js:0
[    1776ms] [LOG] Warning: Setting up fake worker. @ https://xxgk.fengxian.gov.cn/pdfjs-3.11.174-dist/build/pdf.js:380
[    1782ms] [LOG] load @ https://xxgk.fengxian.gov.cn/js/app.5a1fa289.js:0
[    1913ms] ReferenceError: _tracker_ is not defined
    at https://voice.shanghai.gov.cn/gateway/tts/speak:115:7
[    1972ms] [LOG] Warning: Indexing all PDF objects @ https://xxgk.fengxian.gov.cn/pdfjs-3.11.174-dist/build/pdf.worker.js:1015
[    1973ms] [ERROR] InvalidPDFException @ https://xxgk.fengxian.gov.cn/js/chunk-2ebaf27a.c34f885e.js:0
[    2218ms] [LOG] handlePageMounted timeout wzaMixin @ https://xxgk.fengxian.gov.cn/js/app.5a1fa289.js:0
[    2220ms] [LOG] %c Schubert %c is a great composer %c background:#337ab7; padding: 1px; border-radius: 4px 0 0 4px; color: #fff background:#5bc0de; padding: 1px; border-radius: 0 4px 4px 0; color: #fff background:transparent @ https://wza.shanghai.gov.cn/a11y/schubert.js:1
[    2220ms] [LOG] Welcome to  %cTTTTTT%c %cRRRRRR%c %cOOOOOO%c %cUU%c  %cUU%c %cTTTTTT%c
              %cTT%c   %cRR%c  %cRR%c %cOO%c  %cOO%c %cUU%c  %cUU%c   %cTT%c
              %cTT%c   %cRRRRR%c  %cOO%c  %cOO%c %cUU%c  %cUU%c   %cTT%c
              %cTT%c   %cRR%c  %cRR%c %cOO%c  %cOO%c %cUU%c  %cUU%c   %cTT%c
              %cTT%c   %cRR%c  %cRR%c %cOOOOOO%c %cUUUUUU%c   %cTT%c  v2.6.8.1 background:#268; color: #268;border-radius: 4px; background:transparent background:#268; color: #268;border-radius: 4px 12px 0 0; background:transparent background:#268; color: #268;border-radius: 12px 12px 0 0; background:transparent background:#268; color: #268;border-radius: 4px 4px 0 0; background:transparent background:#268; color: #268;border-radius: 4px 4px 0 0; background:transparent background:#268; color: #268;border-radius: 4px; background:transparent background:#268; color: #268; background:transparent background:#268; color: #268; background:transparent background:#268; color: #268;border-radius: 0 0 8px 0; background:transparent background:#268; color: #268; background:transparent background:#268; color: #268; background:transparent background:#268; color: #268; background:transparent background:#268; color: #268; background:transparent background:#268; color: #268; background:transparent background:#268; color: #268; background:transparent background:#268; color: #268; background:transparent background:#268; color: #268; background:transparent background:#268; color: #268; background:transparent background:#268; color: #268; background:transparent background:#268; color: #268; background:transparent background:#268; color: #268; background:transparent background:#268; color: #268; background:transparent background:#268; color: #268; background:transparent background:#268; color: #268;border-radius: 0 8px 0 0;", background:transparent background:#268; color: #268; background:transparent background:#268; color: #268; background:transparent background:#268; color: #268; background:transparent background:#268; color: #268; background:transparent background:#268; color: #268; background:transparent background:#268; color: #268;border-radius: 0 0 4px 4px; background:transparent background:#268; color: #268;border-radius: 0 0 4px 4px; background:transparent background:#268; color: #268;border-radius: 0 0 4px 4px; background:transparent background:#268; color: #268;border-radius: 0 0 12px 12px;", background:transparent background:#268; color: #268;border-radius: 0 0 12px 12px;", background:transparent background:#268; color: #268;border-radius: 0 0 4px 4px; background:transparent @ https://wza.shanghai.gov.cn/a11y/schubert.js:1
