[     237ms] [INFO] %cDownload the React DevTools for a better development experience: https://react.dev/link/react-devtools font-weight:bold @ http://localhost:3000/_next/static/chunks/01vs_next_dist_0z7rf41._.js:2477
[     257ms] [LOG] [HMR] connected @ http://localhost:3000/_next/static/chunks/01vs_next_dist_0z7rf41._.js:2477
[     431ms] [LOG] [Fast Refresh] rebuilding @ http://localhost:3000/_next/static/chunks/01vs_next_dist_0z7rf41._.js:2477
[     934ms] [LOG] [Fast Refresh] done in 605ms @ http://localhost:3000/_next/static/chunks/01vs_next_dist_0z7rf41._.js:2477
[     962ms] [WARNING] Canvas2D: Multiple readback operations using getImageData are faster with the willReadFrequently attribute set to true. See: https://html.spec.whatwg.org/multipage/canvas.html#concept-canvas-will-read-frequently @ https://webapi.amap.com/maps?callback=___onAPILoaded&v=2.0&key=44797665cc12a977e02cc47812c0dca7&plugin=AMap.Polygon,AMap.Marker,AMap.InfoWindow,AMap.MassMarks:0
[  107898ms] [INFO] %cDownload the React DevTools for a better development experience: https://react.dev/link/react-devtools font-weight:bold @ http://localhost:3000/_next/static/chunks/01vs_next_dist_0z7rf41._.js:2477
[  107908ms] [LOG] [HMR] connected @ http://localhost:3000/_next/static/chunks/01vs_next_dist_0z7rf41._.js:2477
[  108023ms] [LOG] [Fast Refresh] rebuilding @ http://localhost:3000/_next/static/chunks/01vs_next_dist_0z7rf41._.js:2477
[  108071ms] [LOG] [Fast Refresh] done in 148ms @ http://localhost:3000/_next/static/chunks/01vs_next_dist_0z7rf41._.js:2477
[  108695ms] [WARNING] Canvas2D: Multiple readback operations using getImageData are faster with the willReadFrequently attribute set to true. See: https://html.spec.whatwg.org/multipage/canvas.html#concept-canvas-will-read-frequently @ https://webapi.amap.com/maps?callback=___onAPILoaded&v=2.0&key=44797665cc12a977e02cc47812c0dca7&plugin=AMap.Polygon,AMap.Marker,AMap.InfoWindow,AMap.MassMarks:0
[  162950ms] [LOG] [Fast Refresh] rebuilding @ http://localhost:3000/_next/static/chunks/01vs_next_dist_0z7rf41._.js:2477
[  163276ms] [LOG] [Fast Refresh] done in 82ms @ http://localhost:3000/_next/static/chunks/01vs_next_dist_0z7rf41._.js:2477
[  183780ms] [INFO] %cDownload the React DevTools for a better development experience: https://react.dev/link/react-devtools font-weight:bold @ http://localhost:3000/_next/static/chunks/01vs_next_dist_0z7rf41._.js:2477
[  183789ms] [LOG] [HMR] connected @ http://localhost:3000/_next/static/chunks/01vs_next_dist_0z7rf41._.js:2477
[  184395ms] [WARNING] Canvas2D: Multiple readback operations using getImageData are faster with the willReadFrequently attribute set to true. See: https://html.spec.whatwg.org/multipage/canvas.html#concept-canvas-will-read-frequently @ https://webapi.amap.com/maps?callback=___onAPILoaded&v=2.0&key=44797665cc12a977e02cc47812c0dca7&plugin=AMap.Polygon,AMap.Marker,AMap.InfoWindow,AMap.MassMarks:0
[  208250ms] [INFO] %cDownload the React DevTools for a better development experience: https://react.dev/link/react-devtools font-weight:bold @ http://localhost:3000/_next/static/chunks/01vs_next_dist_0z7rf41._.js:2477
[  208263ms] [LOG] [HMR] connected @ http://localhost:3000/_next/static/chunks/01vs_next_dist_0z7rf41._.js:2477
[  208411ms] [LOG] [Fast Refresh] rebuilding @ http://localhost:3000/_next/static/chunks/01vs_next_dist_0z7rf41._.js:2477
[  208581ms] [LOG] [Fast Refresh] done in 277ms @ http://localhost:3000/_next/static/chunks/01vs_next_dist_0z7rf41._.js:2477
[  208968ms] [WARNING] Canvas2D: Multiple readback operations using getImageData are faster with the willReadFrequently attribute set to true. See: https://html.spec.whatwg.org/multipage/canvas.html#concept-canvas-will-read-frequently @ https://webapi.amap.com/maps?callback=___onAPILoaded&v=2.0&key=44797665cc12a977e02cc47812c0dca7&plugin=AMap.Polygon,AMap.Marker,AMap.InfoWindow,AMap.MassMarks:0
[  288460ms] [LOG] [Fast Refresh] rebuilding @ http://localhost:3000/_next/static/chunks/01vs_next_dist_0z7rf41._.js:2477
[  288806ms] [LOG] [Fast Refresh] done in 96ms @ http://localhost:3000/_next/static/chunks/01vs_next_dist_0z7rf41._.js:2477
[  358443ms] [LOG] [Fast Refresh] rebuilding @ http://localhost:3000/_next/static/chunks/01vs_next_dist_0z7rf41._.js:2477
[  358481ms] [LOG] [Fast Refresh] done in 104ms @ http://localhost:3000/_next/static/chunks/01vs_next_dist_0z7rf41._.js:2477
[  377227ms] [INFO] %cDownload the React DevTools for a better development experience: https://react.dev/link/react-devtools font-weight:bold @ http://localhost:3000/_next/static/chunks/01vs_next_dist_0z7rf41._.js:2477
[  377246ms] [LOG] [HMR] connected @ http://localhost:3000/_next/static/chunks/01vs_next_dist_0z7rf41._.js:2477
[  377336ms] Error: Hydration failed because the server rendered text didn't match the client. As a result this tree will be regenerated on the client. This can happen if a SSR-ed Client Component used:

- A server/client branch `if (typeof window !== 'undefined')`.
- Variable input such as `Date.now()` or `Math.random()` which changes each time it's called.
- Date formatting in a user's locale which doesn't match the server.
- External changing data without sending a snapshot of it along with the HTML.
- Invalid HTML tag nesting.

It can also happen if the client has a browser extension installed which messes with the HTML before React loaded.

https://react.dev/link/hydration-mismatch

  ...
    <HTTPAccessFallbackBoundary notFound={{...}} forbidden={undefined} unauthorized={undefined}>
      <HTTPAccessFallbackErrorBoundary pathname="/" notFound={{...}} forbidden={undefined} unauthorized={undefined} ...>
        <RedirectBoundary>
          <RedirectErrorBoundary router={{...}}>
            <InnerLayoutRouter url="/" tree={[...]} params={{}} cacheNode={{rsc:{...}, ...}} segmentPath={[...]} ...>
              <SegmentViewNode type="page" pagePath="page.tsx">
                <SegmentTrieNode>
                <ClientPageRoot Component={function HomePage} serverProvidedParams={{...}}>
                  <HomePage params={Promise} searchParams={Promise}>
                    <main className="flex-1 fle...">
                      <HeaderBar visibleSchools={0} totalSchools={0}>
                        <header className="app-header...">
                          <div>
                          <div>
                          <div>
                          <div>
                          <div>
                          <div>
                          <div>
                          <div className="ml-auto fl...">
                            <button>
                            <LinkComponent>
                            <LinkComponent>
                            <div className="relative">
                              <button
                                type="button"
                                onClick={function onClick}
                                className="flex h-8 items-center gap-2 rounded-md border px-2.5 text-[11px] transition..."
+                               title="设置 · 当前配色：IBM"
-                               title="设置 · 当前配色：清爽默认"
                                aria-label="设置"
                                aria-expanded={false}
                              >
                                <Settings2>
                                <span
                                  className="h-2.5 w-2.5 rounded-full border border-[var(--color-border)]"
                                  style={{
+                                   backgroundColor: "#0f62fe"
-                                   background-color: "rgb(24, 113, 201)"
                                  }}
                                  aria-hidden={true}
                                >
                                <span className="hidden 2xl:inline">
+                                 IBM
-                                 清爽默认
                            ...
                        ...
                      ...
              ...
            ...

    at throwOnHydrationMismatch (http://localhost:3000/_next/static/chunks/01vs_next_dist_compiled_react-dom_068f94d._.js:3318:56)
    at prepareToHydrateHostInstance (http://localhost:3000/_next/static/chunks/01vs_next_dist_compiled_react-dom_068f94d._.js:3372:23)
    at completeWork (http://localhost:3000/_next/static/chunks/01vs_next_dist_compiled_react-dom_068f94d._.js:6922:60)
    at runWithFiberInDEV (http://localhost:3000/_next/static/chunks/01vs_next_dist_compiled_react-dom_068f94d._.js:965:74)
    at completeUnitOfWork (http://localhost:3000/_next/static/chunks/01vs_next_dist_compiled_react-dom_068f94d._.js:9622:23)
    at performUnitOfWork (http://localhost:3000/_next/static/chunks/01vs_next_dist_compiled_react-dom_068f94d._.js:9557:28)
    at workLoopConcurrentByScheduler (http://localhost:3000/_next/static/chunks/01vs_next_dist_compiled_react-dom_068f94d._.js:9551:58)
    at renderRootConcurrent (http://localhost:3000/_next/static/chunks/01vs_next_dist_compiled_react-dom_068f94d._.js:9534:71)
    at performWorkOnRoot (http://localhost:3000/_next/static/chunks/01vs_next_dist_compiled_react-dom_068f94d._.js:9061:150)
    at performWorkOnRootViaSchedulerTask (http://localhost:3000/_next/static/chunks/01vs_next_dist_compiled_react-dom_068f94d._.js:10255:9)
    at MessagePort.performWorkUntilDeadline (http://localhost:3000/_next/static/chunks/01vs_next_dist_compiled_0x276ti._.js:2647:64)
[  377741ms] [WARNING] Canvas2D: Multiple readback operations using getImageData are faster with the willReadFrequently attribute set to true. See: https://html.spec.whatwg.org/multipage/canvas.html#concept-canvas-will-read-frequently @ https://webapi.amap.com/maps?callback=___onAPILoaded&v=2.0&key=44797665cc12a977e02cc47812c0dca7&plugin=AMap.Polygon,AMap.Marker,AMap.InfoWindow,AMap.MassMarks:0
[  378001ms] [LOG] [Fast Refresh] rebuilding @ http://localhost:3000/_next/static/chunks/01vs_next_dist_0z7rf41._.js:2477
[  378155ms] [LOG] [Fast Refresh] done in 259ms @ http://localhost:3000/_next/static/chunks/01vs_next_dist_0z7rf41._.js:2477
[  378456ms] [INFO] %cDownload the React DevTools for a better development experience: https://react.dev/link/react-devtools font-weight:bold @ http://localhost:3000/_next/static/chunks/01vs_next_dist_0z7rf41._.js:2477
[  378466ms] [LOG] [HMR] connected @ http://localhost:3000/_next/static/chunks/01vs_next_dist_0z7rf41._.js:2477
[  378713ms] Error: Hydration failed because the server rendered text didn't match the client. As a result this tree will be regenerated on the client. This can happen if a SSR-ed Client Component used:

- A server/client branch `if (typeof window !== 'undefined')`.
- Variable input such as `Date.now()` or `Math.random()` which changes each time it's called.
- Date formatting in a user's locale which doesn't match the server.
- External changing data without sending a snapshot of it along with the HTML.
- Invalid HTML tag nesting.

It can also happen if the client has a browser extension installed which messes with the HTML before React loaded.

https://react.dev/link/hydration-mismatch

  ...
    <HTTPAccessFallbackBoundary notFound={{...}} forbidden={undefined} unauthorized={undefined}>
      <HTTPAccessFallbackErrorBoundary pathname="/" notFound={{...}} forbidden={undefined} unauthorized={undefined} ...>
        <RedirectBoundary>
          <RedirectErrorBoundary router={{...}}>
            <InnerLayoutRouter url="/" tree={[...]} params={{}} cacheNode={{rsc:{...}, ...}} segmentPath={[...]} ...>
              <SegmentViewNode type="page" pagePath="page.tsx">
                <SegmentTrieNode>
                <ClientPageRoot Component={function HomePage} serverProvidedParams={{...}}>
                  <HomePage params={Promise} searchParams={Promise}>
                    <main className="flex-1 fle...">
                      <HeaderBar visibleSchools={0} totalSchools={0}>
                        <header className="app-header...">
                          <div>
                          <div>
                          <div>
                          <div>
                          <div>
                          <div>
                          <div>
                          <div className="ml-auto fl...">
                            <button>
                            <LinkComponent>
                            <LinkComponent>
                            <div className="relative">
                              <button
                                type="button"
                                onClick={function onClick}
                                className="flex h-8 items-center gap-2 rounded-md border px-2.5 text-[11px] transition..."
+                               title="设置 · 当前配色：IBM"
-                               title="设置 · 当前配色：清爽默认"
                                aria-label="设置"
                                aria-expanded={false}
                              >
                                <Settings2>
                                <span
                                  className="h-2.5 w-2.5 rounded-full border border-[var(--color-border)]"
                                  style={{
+                                   backgroundColor: "#0f62fe"
-                                   background-color: "rgb(24, 113, 201)"
                                  }}
                                  aria-hidden={true}
                                >
                                <span className="hidden 2xl:inline">
+                                 IBM
-                                 清爽默认
                            ...
                        ...
                      ...
              ...
            ...

    at throwOnHydrationMismatch (http://localhost:3000/_next/static/chunks/01vs_next_dist_compiled_react-dom_068f94d._.js:3318:56)
    at prepareToHydrateHostInstance (http://localhost:3000/_next/static/chunks/01vs_next_dist_compiled_react-dom_068f94d._.js:3372:23)
    at completeWork (http://localhost:3000/_next/static/chunks/01vs_next_dist_compiled_react-dom_068f94d._.js:6922:60)
    at runWithFiberInDEV (http://localhost:3000/_next/static/chunks/01vs_next_dist_compiled_react-dom_068f94d._.js:965:74)
    at completeUnitOfWork (http://localhost:3000/_next/static/chunks/01vs_next_dist_compiled_react-dom_068f94d._.js:9622:23)
    at performUnitOfWork (http://localhost:3000/_next/static/chunks/01vs_next_dist_compiled_react-dom_068f94d._.js:9557:28)
    at workLoopConcurrentByScheduler (http://localhost:3000/_next/static/chunks/01vs_next_dist_compiled_react-dom_068f94d._.js:9551:58)
    at renderRootConcurrent (http://localhost:3000/_next/static/chunks/01vs_next_dist_compiled_react-dom_068f94d._.js:9534:71)
    at performWorkOnRoot (http://localhost:3000/_next/static/chunks/01vs_next_dist_compiled_react-dom_068f94d._.js:9061:150)
    at performWorkOnRootViaSchedulerTask (http://localhost:3000/_next/static/chunks/01vs_next_dist_compiled_react-dom_068f94d._.js:10255:9)
    at MessagePort.performWorkUntilDeadline (http://localhost:3000/_next/static/chunks/01vs_next_dist_compiled_0x276ti._.js:2647:64)
[  378709ms] [LOG] [Fast Refresh] rebuilding @ http://localhost:3000/_next/static/chunks/01vs_next_dist_0z7rf41._.js:2477
[  378768ms] [LOG] [Fast Refresh] done in 171ms @ http://localhost:3000/_next/static/chunks/01vs_next_dist_0z7rf41._.js:2477
[  379087ms] [WARNING] Canvas2D: Multiple readback operations using getImageData are faster with the willReadFrequently attribute set to true. See: https://html.spec.whatwg.org/multipage/canvas.html#concept-canvas-will-read-frequently @ https://webapi.amap.com/maps?callback=___onAPILoaded&v=2.0&key=44797665cc12a977e02cc47812c0dca7&plugin=AMap.Polygon,AMap.Marker,AMap.InfoWindow,AMap.MassMarks:0
[  403497ms] [LOG] [Fast Refresh] rebuilding @ http://localhost:3000/_next/static/chunks/01vs_next_dist_0z7rf41._.js:2477
[  403619ms] [LOG] [Fast Refresh] done in 40ms @ http://localhost:3000/_next/static/chunks/01vs_next_dist_0z7rf41._.js:2477
[  429531ms] [LOG] [Fast Refresh] rebuilding @ http://localhost:3000/_next/static/chunks/01vs_next_dist_0z7rf41._.js:2477
[  429536ms] [LOG] [Fast Refresh] done in 105ms @ http://localhost:3000/_next/static/chunks/01vs_next_dist_0z7rf41._.js:2477
[  431900ms] [LOG] [Fast Refresh] rebuilding @ http://localhost:3000/_next/static/chunks/01vs_next_dist_0z7rf41._.js:2477
[  431916ms] [LOG] [Fast Refresh] done in 118ms @ http://localhost:3000/_next/static/chunks/01vs_next_dist_0z7rf41._.js:2477
[  739464ms] [LOG] [Fast Refresh] rebuilding @ http://localhost:3000/_next/static/chunks/01vs_next_dist_0z7rf41._.js:2477
[  739494ms] [LOG] [Fast Refresh] done in 130ms @ http://localhost:3000/_next/static/chunks/01vs_next_dist_0z7rf41._.js:2477
[  742958ms] [LOG] [Fast Refresh] rebuilding @ http://localhost:3000/_next/static/chunks/01vs_next_dist_0z7rf41._.js:2477
[  743027ms] [LOG] [Fast Refresh] done in 171ms @ http://localhost:3000/_next/static/chunks/01vs_next_dist_0z7rf41._.js:2477
[  788593ms] [ERROR] WebSocket connection to 'ws://localhost:3000/_next/webpack-hmr?id=im5aWxS3yb5ScZmHXQih7' failed: Error in connection establishment: net::ERR_CONNECTION_REFUSED @ http://localhost:3000/_next/static/chunks/01vs_next_dist_client_10-2.sc._.js:13322
[  789594ms] [ERROR] WebSocket connection to 'ws://localhost:3000/_next/webpack-hmr?id=im5aWxS3yb5ScZmHXQih7' failed: Error in connection establishment: net::ERR_CONNECTION_REFUSED @ http://localhost:3000/_next/static/chunks/01vs_next_dist_client_10-2.sc._.js:13322
[  790596ms] [ERROR] WebSocket connection to 'ws://localhost:3000/_next/webpack-hmr?id=im5aWxS3yb5ScZmHXQih7' failed: Error in connection establishment: net::ERR_CONNECTION_REFUSED @ http://localhost:3000/_next/static/chunks/01vs_next_dist_client_10-2.sc._.js:13322
[  791599ms] [ERROR] WebSocket connection to 'ws://localhost:3000/_next/webpack-hmr?id=im5aWxS3yb5ScZmHXQih7' failed: Error in connection establishment: net::ERR_CONNECTION_REFUSED @ http://localhost:3000/_next/static/chunks/01vs_next_dist_client_10-2.sc._.js:13322
[  792602ms] [ERROR] WebSocket connection to 'ws://localhost:3000/_next/webpack-hmr?id=im5aWxS3yb5ScZmHXQih7' failed: Error in connection establishment: net::ERR_CONNECTION_REFUSED @ http://localhost:3000/_next/static/chunks/01vs_next_dist_client_10-2.sc._.js:13322
[  797615ms] [LOG] [HMR] connected @ http://localhost:3000/_next/static/chunks/01vs_next_dist_0z7rf41._.js:2477
[  798159ms] [INFO] %cDownload the React DevTools for a better development experience: https://react.dev/link/react-devtools font-weight:bold @ http://localhost:3000/_next/static/chunks/01vs_next_dist_0z7rf41._.js:2477
[  798184ms] [LOG] [HMR] connected @ http://localhost:3000/_next/static/chunks/01vs_next_dist_0z7rf41._.js:2477
[  798333ms] [LOG] [Fast Refresh] rebuilding @ http://localhost:3000/_next/static/chunks/01vs_next_dist_0z7rf41._.js:2477
[  798401ms] [LOG] [Fast Refresh] done in 168ms @ http://localhost:3000/_next/static/chunks/01vs_next_dist_0z7rf41._.js:2477
[  799303ms] [WARNING] Canvas2D: Multiple readback operations using getImageData are faster with the willReadFrequently attribute set to true. See: https://html.spec.whatwg.org/multipage/canvas.html#concept-canvas-will-read-frequently @ https://webapi.amap.com/maps?callback=___onAPILoaded&v=2.0&key=44797665cc12a977e02cc47812c0dca7&plugin=AMap.Polygon,AMap.Marker,AMap.InfoWindow,AMap.MassMarks:0
[ 1207884ms] [LOG] [Fast Refresh] rebuilding @ http://localhost:3000/_next/static/chunks/01vs_next_dist_0z7rf41._.js:2477
[ 1285580ms] [LOG] [Fast Refresh] done in 77252ms @ http://localhost:3000/_next/static/chunks/01vs_next_dist_0z7rf41._.js:2477
[ 1286385ms] [LOG] [Fast Refresh] rebuilding @ http://localhost:3000/_next/static/chunks/01vs_next_dist_0z7rf41._.js:2477
[ 1286442ms] [LOG] [Fast Refresh] done in 183ms @ http://localhost:3000/_next/static/chunks/01vs_next_dist_0z7rf41._.js:2477
[ 1287167ms] [INFO] %cDownload the React DevTools for a better development experience: https://react.dev/link/react-devtools font-weight:bold @ http://localhost:3000/_next/static/chunks/01vs_next_dist_0z7rf41._.js:2477
[ 1287202ms] [LOG] [HMR] connected @ http://localhost:3000/_next/static/chunks/01vs_next_dist_0z7rf41._.js:2477
[ 1287380ms] [LOG] [Fast Refresh] rebuilding @ http://localhost:3000/_next/static/chunks/01vs_next_dist_0z7rf41._.js:2477
[ 1290171ms] [WARNING] Canvas2D: Multiple readback operations using getImageData are faster with the willReadFrequently attribute set to true. See: https://html.spec.whatwg.org/multipage/canvas.html#concept-canvas-will-read-frequently @ https://webapi.amap.com/maps?callback=___onAPILoaded&v=2.0&key=44797665cc12a977e02cc47812c0dca7&plugin=AMap.Polygon,AMap.Marker,AMap.InfoWindow,AMap.MassMarks:0
[ 1364713ms] [LOG] [Fast Refresh] done in 77425ms @ http://localhost:3000/_next/static/chunks/01vs_next_dist_0z7rf41._.js:2477
[ 1365138ms] [LOG] [Fast Refresh] rebuilding @ http://localhost:3000/_next/static/chunks/01vs_next_dist_0z7rf41._.js:2477
[ 1365195ms] [LOG] [Fast Refresh] done in 159ms @ http://localhost:3000/_next/static/chunks/01vs_next_dist_0z7rf41._.js:2477
