[     169ms] [WARNING] Mixed Content: The page at 'https://sh.bendibao.com/edu/202547/296228.shtm' was loaded over HTTPS, but requested an insecure element 'http://imgbdb4.bendibao.com/szbdb/meishi/20226/10/2022610234739_90993.jpg'. This request was automatically upgraded to HTTPS, For more information see https://blog.chromium.org/2019/10/no-more-mixed-messages-about-https.html @ https://sh.bendibao.com/edu/202547/296228.shtm:0
[     169ms] [WARNING] Mixed Content: The page at 'https://sh.bendibao.com/edu/202547/296228.shtm' was loaded over HTTPS, but requested an insecure element 'http://imgbdb2.bendibao.com/sl/130_88_http://imgbdb2.bendibao.com/shbdb/201811/14/20181114133619_97860.jpg'. This request was automatically upgraded to HTTPS, For more information see https://blog.chromium.org/2019/10/no-more-mixed-messages-about-https.html @ https://sh.bendibao.com/edu/202547/296228.shtm:0
[     316ms] [WARNING] Mixed Content: The page at 'https://sh.bendibao.com/edu/202547/296228.shtm' was loaded over HTTPS, but requested an insecure element 'http://imgbdb4.bendibao.com/szbdb/meishi/20226/10/2022610234739_90993.jpg'. This request was automatically upgraded to HTTPS, For more information see https://blog.chromium.org/2019/10/no-more-mixed-messages-about-https.html @ https://sh.bendibao.com/edu/202547/296228.shtm:323
[     316ms] [WARNING] Mixed Content: The page at 'https://sh.bendibao.com/edu/202547/296228.shtm' was loaded over HTTPS, but requested an insecure element 'http://imgbdb2.bendibao.com/sl/130_88_http://imgbdb2.bendibao.com/shbdb/201811/14/20181114133619_97860.jpg'. This request was automatically upgraded to HTTPS, For more information see https://blog.chromium.org/2019/10/no-more-mixed-messages-about-https.html @ https://sh.bendibao.com/edu/202547/296228.shtm:323
[     376ms] TypeError: Cannot read properties of undefined (reading 'prototype')
    at Module.<anonymous> (https://sh.bendibao.com/style/banshi/js/element-ui/index.js:1:57126)
    at i (https://sh.bendibao.com/style/banshi/js/element-ui/index.js:1:406)
    at Object.<anonymous> (https://sh.bendibao.com/style/banshi/js/element-ui/index.js:1:23018)
    at i (https://sh.bendibao.com/style/banshi/js/element-ui/index.js:1:406)
    at https://sh.bendibao.com/style/banshi/js/element-ui/index.js:1:1211
    at https://sh.bendibao.com/style/banshi/js/element-ui/index.js:1:1221
    at https://sh.bendibao.com/style/banshi/js/element-ui/index.js:1:234
    at https://sh.bendibao.com/style/banshi/js/element-ui/index.js:1:243
[     383ms] [INFO] Slow network is detected. See https://www.chromestatus.com/feature/5636954674692096 for more details. Fallback font will be used while loading: https://sh.bendibao.com/style/banshi/js/share/fonts/iconfont.woff @ https://static.bendibao.com/??js/jquery-1.9.1.min.js,js/tt.js,js/echo.min.js?v10.11:28
[     385ms] [LOG] Mozilla/5.0 (Macintosh; Intel Mac OS X 10_15_7) AppleWebKit/537.36 (KHTML, like Gecko) HeadlessChrome/148.0.0.0 Safari/537.36 @ https://sh.bendibao.com/edu/202547/296228.shtm:323
[     385ms] [LOG] 2 @ https://sh.bendibao.com/edu/202547/296228.shtm:323
[     386ms] [ERROR] Mixed Content: The page at 'https://sh.bendibao.com/edu/202547/296228.shtm' was loaded over HTTPS, but requested an insecure script 'http://wh.bendibao.com/js/contact.js'. This request has been blocked; the content must be served over HTTPS. @ https://sh.bendibao.com/edu/202547/296228.shtm:0
[     386ms] [WARNING] A parser-blocking, cross site (i.e. different eTLD+1) script, https://hm.baidu.com/h.js?880fcdc5aa6c9d4f7e9bb0b6b40f17f3, is invoked via document.write. The network request for this script MAY be blocked by the browser in this or a future page load due to poor network connectivity. If blocked in this page load, it will be confirmed in a subsequent console message. See https://www.chromestatus.com/feature/5718547946799104 for more details. @ https://sh.bendibao.com/edu/202547/296228.shtm:366
[     386ms] [WARNING] A parser-blocking, cross site (i.e. different eTLD+1) script, https://hm.baidu.com/h.js?880fcdc5aa6c9d4f7e9bb0b6b40f17f3, is invoked via document.write. The network request for this script MAY be blocked by the browser in this or a future page load due to poor network connectivity. If blocked in this page load, it will be confirmed in a subsequent console message. See https://www.chromestatus.com/feature/5718547946799104 for more details. @ https://sh.bendibao.com/edu/202547/296228.shtm:366
[     904ms] [ERROR] Failed to load resource: net::ERR_CERT_COMMON_NAME_INVALID @ https://push.zhanzhang.baidu.com/push.js:0
