[     117ms] [INFO] %cDownload the React DevTools for a better development experience: https://react.dev/link/react-devtools font-weight:bold @ http://localhost:3000/_next/static/chunks/01vs_next_dist_0z7rf41._.js:2477
[     126ms] [LOG] [HMR] connected @ http://localhost:3000/_next/static/chunks/01vs_next_dist_0z7rf41._.js:2477
[     428ms] [WARNING] Canvas2D: Multiple readback operations using getImageData are faster with the willReadFrequently attribute set to true. See: https://html.spec.whatwg.org/multipage/canvas.html#concept-canvas-will-read-frequently @ https://webapi.amap.com/maps?callback=___onAPILoaded&v=2.0&key=44797665cc12a977e02cc47812c0dca7&plugin=AMap.Polygon,AMap.Marker,AMap.InfoWindow:0
[     503ms] [LOG] [Fast Refresh] rebuilding @ http://localhost:3000/_next/static/chunks/01vs_next_dist_0z7rf41._.js:2477
[     505ms] [LOG] [Fast Refresh] done in 102ms @ http://localhost:3000/_next/static/chunks/01vs_next_dist_0z7rf41._.js:2477
[ 6431235ms] [LOG] [Fast Refresh] rebuilding @ http://localhost:3000/_next/static/chunks/01vs_next_dist_0z7rf41._.js:2477
[ 6431369ms] [LOG] [Fast Refresh] done in 197ms @ http://localhost:3000/_next/static/chunks/01vs_next_dist_0z7rf41._.js:2477
[ 6495884ms] [LOG] [Fast Refresh] rebuilding @ http://localhost:3000/_next/static/chunks/01vs_next_dist_0z7rf41._.js:2477
[ 6496080ms] [LOG] [Fast Refresh] done in 147ms @ http://localhost:3000/_next/static/chunks/01vs_next_dist_0z7rf41._.js:2477
[ 6496361ms] [WARNING] Canvas2D: Multiple readback operations using getImageData are faster with the willReadFrequently attribute set to true. See: https://html.spec.whatwg.org/multipage/canvas.html#concept-canvas-will-read-frequently @ https://webapi.amap.com/maps?callback=___onAPILoaded&v=2.0&key=44797665cc12a977e02cc47812c0dca7&plugin=AMap.Polygon,AMap.Marker,AMap.InfoWindow:0
[ 6646053ms] [LOG] [Fast Refresh] rebuilding @ http://localhost:3000/_next/static/chunks/01vs_next_dist_0z7rf41._.js:2477
[ 6646100ms] [ERROR] ./components/map/AmapContainer.tsx:251:23
Constructor in/after an optional chaining is not allowed.
  249 |           ">${labelText}</div>`,
  250 |           direction: "top",
> 251 |           offset: new (amapNs as any)?.Pixel?.(0, -6),
      |                       ^^^^^^^^^^^^^^^^^^^^^^^^^^^^^^^
  252 |         });
  253 |       } else {
  254 |         marker.setLabel({ content: "" });

Parsing ecmascript source code failed

Import traces:
  Client Component Browser:
    ./components/map/AmapContainer.tsx [Client Component Browser]
    ./app/page.tsx [Client Component Browser]
    ./app/page.tsx [Server Component]

  Client Component SSR:
    ./components/map/AmapContainer.tsx [Client Component SSR]
    ./app/page.tsx [Client Component SSR]
    ./app/page.tsx [Server Component] @ http://localhost:3000/_next/static/chunks/01vs_next_dist_0z7rf41._.js:3318
[ 6646230ms] [ERROR] ./components/map/AmapContainer.tsx:251:23
Constructor in/after an optional chaining is not allowed.
  249 |           ">${labelText}</div>`,
  250 |           direction: "top",
> 251 |           offset: new (amapNs as any)?.Pixel?.(0, -6),
      |                       ^^^^^^^^^^^^^^^^^^^^^^^^^^^^^^^
  252 |         });
  253 |       } else {
  254 |         marker.setLabel({ content: "" });

Parsing ecmascript source code failed

Import traces:
  Client Component Browser:
    ./components/map/AmapContainer.tsx [Client Component Browser]
    ./app/page.tsx [Client Component Browser]
    ./app/page.tsx [Server Component]

  Client Component SSR:
    ./components/map/AmapContainer.tsx [Client Component SSR]
    ./app/page.tsx [Client Component SSR]
    ./app/page.tsx [Server Component] @ http://localhost:3000/_next/static/chunks/01vs_next_dist_0z7rf41._.js:3318
[ 6646234ms] [LOG] [Fast Refresh] rebuilding @ http://localhost:3000/_next/static/chunks/01vs_next_dist_0z7rf41._.js:2477
[ 6860159ms] [ERROR] ./components/map/AmapContainer.tsx:251:23
Constructor in/after an optional chaining is not allowed.
  249 |           ">${labelText}</div>`,
  250 |           direction: "top",
> 251 |           offset: new (amapNs as any)?.Pixel?.(0, -6),
      |                       ^^^^^^^^^^^^^^^^^^^^^^^^^^^^^^^
  252 |         });
  253 |       } else {
  254 |         marker.setLabel({ content: "" });

Parsing ecmascript source code failed

Import traces:
  Client Component Browser:
    ./components/map/AmapContainer.tsx [Client Component Browser]
    ./app/page.tsx [Client Component Browser]
    ./app/page.tsx [Server Component]

  Client Component SSR:
    ./components/map/AmapContainer.tsx [Client Component SSR]
    ./app/page.tsx [Client Component SSR]
    ./app/page.tsx [Server Component] @ http://localhost:3000/_next/static/chunks/01vs_next_dist_0z7rf41._.js:3318
[ 6860193ms] [LOG] [Fast Refresh] rebuilding @ http://localhost:3000/_next/static/chunks/01vs_next_dist_0z7rf41._.js:2477
[ 6888688ms] [ERROR] ./components/map/AmapContainer.tsx:251:23
Constructor in/after an optional chaining is not allowed.
  249 |           ">${labelText}</div>`,
  250 |           direction: "top",
> 251 |           offset: new (amapNs as any)?.Pixel?.(0, -6),
      |                       ^^^^^^^^^^^^^^^^^^^^^^^^^^^^^^^
  252 |         });
  253 |       } else {
  254 |         marker.setLabel({ content: "" });

Parsing ecmascript source code failed

Import traces:
  Client Component Browser:
    ./components/map/AmapContainer.tsx [Client Component Browser]
    ./app/page.tsx [Client Component Browser]
    ./app/page.tsx [Server Component]

  Client Component SSR:
    ./components/map/AmapContainer.tsx [Client Component SSR]
    ./app/page.tsx [Client Component SSR]
    ./app/page.tsx [Server Component] @ http://localhost:3000/_next/static/chunks/01vs_next_dist_0z7rf41._.js:3318
[ 6888724ms] [LOG] [Fast Refresh] rebuilding @ http://localhost:3000/_next/static/chunks/01vs_next_dist_0z7rf41._.js:2477
