[     114ms] [INFO] %cDownload the React DevTools for a better development experience: https://react.dev/link/react-devtools font-weight:bold @ http://localhost:3000/_next/static/chunks/01vs_next_dist_0z7rf41._.js:2477
[     124ms] [LOG] [HMR] connected @ http://localhost:3000/_next/static/chunks/01vs_next_dist_0z7rf41._.js:2477
[     484ms] [WARNING] Canvas2D: Multiple readback operations using getImageData are faster with the willReadFrequently attribute set to true. See: https://html.spec.whatwg.org/multipage/canvas.html#concept-canvas-will-read-frequently @ https://webapi.amap.com/maps?callback=___onAPILoaded&v=2.0&key=44797665cc12a977e02cc47812c0dca7&plugin=AMap.Polygon,AMap.Marker,AMap.InfoWindow,AMap.MassMarks:0
[   52349ms] [WARNING] Canvas2D: Multiple readback operations using getImageData are faster with the willReadFrequently attribute set to true. See: https://html.spec.whatwg.org/multipage/canvas.html#concept-canvas-will-read-frequently @ https://webapi.amap.com/maps?callback=___onAPILoaded&v=2.0&key=44797665cc12a977e02cc47812c0dca7&plugin=AMap.Polygon,AMap.Marker,AMap.InfoWindow,AMap.MassMarks:0
[  252701ms] [LOG] [Fast Refresh] rebuilding @ http://localhost:3000/_next/static/chunks/01vs_next_dist_0z7rf41._.js:2477
[  252831ms] [LOG] [Fast Refresh] done in 58ms @ http://localhost:3000/_next/static/chunks/01vs_next_dist_0z7rf41._.js:2477
[  261124ms] [LOG] [Fast Refresh] rebuilding @ http://localhost:3000/_next/static/chunks/01vs_next_dist_0z7rf41._.js:2477
[  261152ms] [LOG] [Fast Refresh] done in 23ms @ http://localhost:3000/_next/static/chunks/01vs_next_dist_0z7rf41._.js:2477
[  306307ms] [LOG] [Fast Refresh] rebuilding @ http://localhost:3000/_next/static/chunks/01vs_next_dist_0z7rf41._.js:2477
[  306348ms] [LOG] [Fast Refresh] done in 83ms @ http://localhost:3000/_next/static/chunks/01vs_next_dist_0z7rf41._.js:2477
[  371219ms] [LOG] [Fast Refresh] rebuilding @ http://localhost:3000/_next/static/chunks/01vs_next_dist_0z7rf41._.js:2477
[  371300ms] [LOG] [Fast Refresh] done in 28ms @ http://localhost:3000/_next/static/chunks/01vs_next_dist_0z7rf41._.js:2477
[  371644ms] [WARNING] Canvas2D: Multiple readback operations using getImageData are faster with the willReadFrequently attribute set to true. See: https://html.spec.whatwg.org/multipage/canvas.html#concept-canvas-will-read-frequently @ https://webapi.amap.com/maps?callback=___onAPILoaded&v=2.0&key=44797665cc12a977e02cc47812c0dca7&plugin=AMap.Polygon,AMap.Marker,AMap.InfoWindow,AMap.MassMarks:0
[  394685ms] [LOG] [Fast Refresh] rebuilding @ http://localhost:3000/_next/static/chunks/01vs_next_dist_0z7rf41._.js:2477
[  394690ms] [ERROR] The final argument passed to %s changed size between renders. The order and size of this array must remain constant.

Previous: %s
Incoming: %s useEffect [[object Object], ] [[object Object], , ] @ http://localhost:3000/_next/static/chunks/01vs_next_dist_0z7rf41._.js:3318
[  394773ms] [LOG] [Fast Refresh] done in 29ms @ http://localhost:3000/_next/static/chunks/01vs_next_dist_0z7rf41._.js:2477
[  394888ms] [LOG] [Fast Refresh] rebuilding @ http://localhost:3000/_next/static/chunks/01vs_next_dist_0z7rf41._.js:2477
[  394999ms] [LOG] [Fast Refresh] done in 214ms @ http://localhost:3000/_next/static/chunks/01vs_next_dist_0z7rf41._.js:2477
[  440836ms] [INFO] %cDownload the React DevTools for a better development experience: https://react.dev/link/react-devtools font-weight:bold @ http://localhost:3000/_next/static/chunks/01vs_next_dist_0z7rf41._.js:2477
[  440853ms] [LOG] [HMR] connected @ http://localhost:3000/_next/static/chunks/01vs_next_dist_0z7rf41._.js:2477
[  441220ms] [WARNING] Canvas2D: Multiple readback operations using getImageData are faster with the willReadFrequently attribute set to true. See: https://html.spec.whatwg.org/multipage/canvas.html#concept-canvas-will-read-frequently @ https://webapi.amap.com/maps?callback=___onAPILoaded&v=2.0&key=44797665cc12a977e02cc47812c0dca7&plugin=AMap.Polygon,AMap.Marker,AMap.InfoWindow,AMap.MassMarks:0
