[   31639ms] [INFO] %cDownload the React DevTools for a better development experience: https://react.dev/link/react-devtools font-weight:bold @ http://localhost:3001/_next/static/chunks/01vs_next_dist_0z7rf41._.js:2477
[   31752ms] [LOG] [HMR] connected @ http://localhost:3001/_next/static/chunks/01vs_next_dist_0z7rf41._.js:2477
[   32538ms] [WARNING] Canvas2D: Multiple readback operations using getImageData are faster with the willReadFrequently attribute set to true. See: https://html.spec.whatwg.org/multipage/canvas.html#concept-canvas-will-read-frequently @ https://webapi.amap.com/maps?callback=___onAPILoaded&v=2.0&key=44797665cc12a977e02cc47812c0dca7&plugin=AMap.Polygon,AMap.Marker,AMap.InfoWindow,AMap.MassMarks:0
[ 1093442ms] [LOG] [Fast Refresh] rebuilding @ http://localhost:3001/_next/static/chunks/01vs_next_dist_0z7rf41._.js:2477
[ 1093566ms] ReferenceError: RISK_BADGE is not defined
    at eval (http://localhost:3001/_next/static/chunks/_0_xx58j._.js?id=%255Bproject%255D%252Fcomponents%252Ftable%252FSchoolTable.tsx+%255Bapp-client%255D+%2528ecmascript%2529:288:226)
    at Array.map (<anonymous>)
    at SchoolTable (http://localhost:3001/_next/static/chunks/_0_xx58j._.js?id=%255Bproject%255D%252Fcomponents%252Ftable%252FSchoolTable.tsx+%255Bapp-client%255D+%2528ecmascript%2529:170:27)
    at Object.react_stack_bottom_frame (http://localhost:3001/_next/static/chunks/01vs_next_dist_compiled_react-dom_068f94d._.js:15037:24)
    at renderWithHooks (http://localhost:3001/_next/static/chunks/01vs_next_dist_compiled_react-dom_068f94d._.js:4620:24)
    at updateFunctionComponent (http://localhost:3001/_next/static/chunks/01vs_next_dist_compiled_react-dom_068f94d._.js:6081:21)
    at beginWork (http://localhost:3001/_next/static/chunks/01vs_next_dist_compiled_react-dom_068f94d._.js:6691:24)
    at runWithFiberInDEV (http://localhost:3001/_next/static/chunks/01vs_next_dist_compiled_react-dom_068f94d._.js:965:74)
    at performUnitOfWork (http://localhost:3001/_next/static/chunks/01vs_next_dist_compiled_react-dom_068f94d._.js:9555:97)
    at workLoopSync (http://localhost:3001/_next/static/chunks/01vs_next_dist_compiled_react-dom_068f94d._.js:9449:40)
    at renderRootSync (http://localhost:3001/_next/static/chunks/01vs_next_dist_compiled_react-dom_068f94d._.js:9433:13)
    at performWorkOnRoot (http://localhost:3001/_next/static/chunks/01vs_next_dist_compiled_react-dom_068f94d._.js:9098:47)
    at performSyncWorkOnRoot (http://localhost:3001/_next/static/chunks/01vs_next_dist_compiled_react-dom_068f94d._.js:10263:9)
    at flushSyncWorkAcrossRoots_impl (http://localhost:3001/_next/static/chunks/01vs_next_dist_compiled_react-dom_068f94d._.js:10179:316)
    at flushSyncWork$1 (http://localhost:3001/_next/static/chunks/01vs_next_dist_compiled_react-dom_068f94d._.js:9230:86)
    at Object.scheduleRefresh (http://localhost:3001/_next/static/chunks/01vs_next_dist_compiled_react-dom_068f94d._.js:299:13)
    at http://localhost:3001/_next/static/chunks/01vs_next_dist_compiled_0x276ti._.js:391:33
    at Set.forEach (<anonymous>)
    at Object.performReactRefresh (http://localhost:3001/_next/static/chunks/01vs_next_dist_compiled_0x276ti._.js:384:38)
    at applyUpdate (http://localhost:3001/_next/static/chunks/01vs_next_dist_compiled_0x276ti._.js:878:31)
    at http://localhost:3001/_next/static/chunks/01vs_next_dist_compiled_0x276ti._.js:886:13
[ 1093597ms] [LOG] [Fast Refresh] done in 146ms @ http://localhost:3001/_next/static/chunks/01vs_next_dist_0z7rf41._.js:2477
[ 1127193ms] [LOG] [Fast Refresh] rebuilding @ http://localhost:3001/_next/static/chunks/01vs_next_dist_0z7rf41._.js:2477
[ 1127196ms] [WARNING] [Fast Refresh] performing full reload because your application had an unrecoverable error @ http://localhost:3001/_next/static/chunks/01vs_next_dist_0z7rf41._.js:2477
[ 1127306ms] [WARNING] [Fast Refresh] performing full reload because your application had an unrecoverable error @ http://localhost:3001/_next/static/chunks/01vs_next_dist_0z7rf41._.js:2477
[ 1127307ms] [LOG] [Fast Refresh] done in 158ms @ http://localhost:3001/_next/static/chunks/01vs_next_dist_0z7rf41._.js:2477
[ 1127617ms] [INFO] %cDownload the React DevTools for a better development experience: https://react.dev/link/react-devtools font-weight:bold @ http://localhost:3001/_next/static/chunks/01vs_next_dist_0z7rf41._.js:2477
[ 1127632ms] [LOG] [HMR] connected @ http://localhost:3001/_next/static/chunks/01vs_next_dist_0z7rf41._.js:2477
[ 1128049ms] [WARNING] Canvas2D: Multiple readback operations using getImageData are faster with the willReadFrequently attribute set to true. See: https://html.spec.whatwg.org/multipage/canvas.html#concept-canvas-will-read-frequently @ https://webapi.amap.com/maps?callback=___onAPILoaded&v=2.0&key=44797665cc12a977e02cc47812c0dca7&plugin=AMap.Polygon,AMap.Marker,AMap.InfoWindow,AMap.MassMarks:0
[ 1158349ms] [LOG] [Fast Refresh] rebuilding @ http://localhost:3001/_next/static/chunks/01vs_next_dist_0z7rf41._.js:2477
[ 1158372ms] [LOG] [Fast Refresh] done in 60ms @ http://localhost:3001/_next/static/chunks/01vs_next_dist_0z7rf41._.js:2477
[ 1249967ms] [INFO] %cDownload the React DevTools for a better development experience: https://react.dev/link/react-devtools font-weight:bold @ http://localhost:3001/_next/static/chunks/01vs_next_dist_0z7rf41._.js:2477
[ 1249979ms] [LOG] [HMR] connected @ http://localhost:3001/_next/static/chunks/01vs_next_dist_0z7rf41._.js:2477
[ 1250399ms] [WARNING] Canvas2D: Multiple readback operations using getImageData are faster with the willReadFrequently attribute set to true. See: https://html.spec.whatwg.org/multipage/canvas.html#concept-canvas-will-read-frequently @ https://webapi.amap.com/maps?callback=___onAPILoaded&v=2.0&key=44797665cc12a977e02cc47812c0dca7&plugin=AMap.Polygon,AMap.Marker,AMap.InfoWindow,AMap.MassMarks:0
[ 1601377ms] [LOG] [Fast Refresh] rebuilding @ http://localhost:3001/_next/static/chunks/01vs_next_dist_0z7rf41._.js:2477
[ 1601422ms] [LOG] [Fast Refresh] done in 42ms @ http://localhost:3001/_next/static/chunks/01vs_next_dist_0z7rf41._.js:2477
