[      63ms] [INFO] %cDownload the React DevTools for a better development experience: https://react.dev/link/react-devtools font-weight:bold @ http://localhost:3000/_next/static/chunks/01vs_next_dist_0z7rf41._.js:2477
[      73ms] [LOG] [HMR] connected @ http://localhost:3000/_next/static/chunks/01vs_next_dist_0z7rf41._.js:2477
[     754ms] [WARNING] Canvas2D: Multiple readback operations using getImageData are faster with the willReadFrequently attribute set to true. See: https://html.spec.whatwg.org/multipage/canvas.html#concept-canvas-will-read-frequently @ https://webapi.amap.com/maps?callback=___onAPILoaded&v=2.0&key=44797665cc12a977e02cc47812c0dca7&plugin=AMap.Polygon,AMap.Marker,AMap.InfoWindow,AMap.MassMarks:0
[   31712ms] [INFO] %cDownload the React DevTools for a better development experience: https://react.dev/link/react-devtools font-weight:bold @ http://localhost:3000/_next/static/chunks/01vs_next_dist_0z7rf41._.js:2477
[   31721ms] [LOG] [HMR] connected @ http://localhost:3000/_next/static/chunks/01vs_next_dist_0z7rf41._.js:2477
[   32436ms] [WARNING] Canvas2D: Multiple readback operations using getImageData are faster with the willReadFrequently attribute set to true. See: https://html.spec.whatwg.org/multipage/canvas.html#concept-canvas-will-read-frequently @ https://webapi.amap.com/maps?callback=___onAPILoaded&v=2.0&key=44797665cc12a977e02cc47812c0dca7&plugin=AMap.Polygon,AMap.Marker,AMap.InfoWindow,AMap.MassMarks:0
[   85088ms] [LOG] [Fast Refresh] rebuilding @ http://localhost:3000/_next/static/chunks/01vs_next_dist_0z7rf41._.js:2477
[   85222ms] [LOG] [Fast Refresh] done in 71ms @ http://localhost:3000/_next/static/chunks/01vs_next_dist_0z7rf41._.js:2477
[  120314ms] [INFO] %cDownload the React DevTools for a better development experience: https://react.dev/link/react-devtools font-weight:bold @ http://localhost:3000/_next/static/chunks/01vs_next_dist_0z7rf41._.js:2477
[  120332ms] [LOG] [HMR] connected @ http://localhost:3000/_next/static/chunks/01vs_next_dist_0z7rf41._.js:2477
[  120982ms] [WARNING] Canvas2D: Multiple readback operations using getImageData are faster with the willReadFrequently attribute set to true. See: https://html.spec.whatwg.org/multipage/canvas.html#concept-canvas-will-read-frequently @ https://webapi.amap.com/maps?callback=___onAPILoaded&v=2.0&key=44797665cc12a977e02cc47812c0dca7&plugin=AMap.Polygon,AMap.Marker,AMap.InfoWindow,AMap.MassMarks:0
[  139687ms] [INFO] %cDownload the React DevTools for a better development experience: https://react.dev/link/react-devtools font-weight:bold @ http://localhost:3000/_next/static/chunks/01vs_next_dist_0z7rf41._.js:2477
[  139701ms] [LOG] [HMR] connected @ http://localhost:3000/_next/static/chunks/01vs_next_dist_0z7rf41._.js:2477
[  140461ms] [WARNING] Canvas2D: Multiple readback operations using getImageData are faster with the willReadFrequently attribute set to true. See: https://html.spec.whatwg.org/multipage/canvas.html#concept-canvas-will-read-frequently @ https://webapi.amap.com/maps?callback=___onAPILoaded&v=2.0&key=44797665cc12a977e02cc47812c0dca7&plugin=AMap.Polygon,AMap.Marker,AMap.InfoWindow,AMap.MassMarks:0
[  140557ms] [INFO] %cDownload the React DevTools for a better development experience: https://react.dev/link/react-devtools font-weight:bold @ http://localhost:3000/_next/static/chunks/01vs_next_dist_0z7rf41._.js:2477
[  140565ms] [LOG] [HMR] connected @ http://localhost:3000/_next/static/chunks/01vs_next_dist_0z7rf41._.js:2477
[  140674ms] [LOG] [Fast Refresh] rebuilding @ http://localhost:3000/_next/static/chunks/01vs_next_dist_0z7rf41._.js:2477
[  140709ms] [LOG] [Fast Refresh] done in 135ms @ http://localhost:3000/_next/static/chunks/01vs_next_dist_0z7rf41._.js:2477
[  141193ms] [WARNING] Canvas2D: Multiple readback operations using getImageData are faster with the willReadFrequently attribute set to true. See: https://html.spec.whatwg.org/multipage/canvas.html#concept-canvas-will-read-frequently @ https://webapi.amap.com/maps?callback=___onAPILoaded&v=2.0&key=44797665cc12a977e02cc47812c0dca7&plugin=AMap.Polygon,AMap.Marker,AMap.InfoWindow,AMap.MassMarks:0
[  171106ms] [INFO] %cDownload the React DevTools for a better development experience: https://react.dev/link/react-devtools font-weight:bold @ http://localhost:3000/_next/static/chunks/01vs_next_dist_0z7rf41._.js:2477
[  171118ms] [LOG] [HMR] connected @ http://localhost:3000/_next/static/chunks/01vs_next_dist_0z7rf41._.js:2477
[  171254ms] [LOG] [Fast Refresh] rebuilding @ http://localhost:3000/_next/static/chunks/01vs_next_dist_0z7rf41._.js:2477
[  171357ms] [LOG] [Fast Refresh] done in 225ms @ http://localhost:3000/_next/static/chunks/01vs_next_dist_0z7rf41._.js:2477
[  171764ms] [WARNING] Canvas2D: Multiple readback operations using getImageData are faster with the willReadFrequently attribute set to true. See: https://html.spec.whatwg.org/multipage/canvas.html#concept-canvas-will-read-frequently @ https://webapi.amap.com/maps?callback=___onAPILoaded&v=2.0&key=44797665cc12a977e02cc47812c0dca7&plugin=AMap.Polygon,AMap.Marker,AMap.InfoWindow,AMap.MassMarks:0
[  186017ms] [LOG] [Fast Refresh] rebuilding @ http://localhost:3000/_next/static/chunks/01vs_next_dist_0z7rf41._.js:2477
[  186322ms] [LOG] [Fast Refresh] done in 59ms @ http://localhost:3000/_next/static/chunks/01vs_next_dist_0z7rf41._.js:2477
[  207286ms] [INFO] %cDownload the React DevTools for a better development experience: https://react.dev/link/react-devtools font-weight:bold @ http://localhost:3000/_next/static/chunks/01vs_next_dist_0z7rf41._.js:2477
[  207301ms] [LOG] [HMR] connected @ http://localhost:3000/_next/static/chunks/01vs_next_dist_0z7rf41._.js:2477
[  207963ms] [WARNING] Canvas2D: Multiple readback operations using getImageData are faster with the willReadFrequently attribute set to true. See: https://html.spec.whatwg.org/multipage/canvas.html#concept-canvas-will-read-frequently @ https://webapi.amap.com/maps?callback=___onAPILoaded&v=2.0&key=44797665cc12a977e02cc47812c0dca7&plugin=AMap.Polygon,AMap.Marker,AMap.InfoWindow,AMap.MassMarks:0
[  208947ms] [INFO] %cDownload the React DevTools for a better development experience: https://react.dev/link/react-devtools font-weight:bold @ http://localhost:3000/_next/static/chunks/01vs_next_dist_0z7rf41._.js:2477
[  208954ms] [LOG] [HMR] connected @ http://localhost:3000/_next/static/chunks/01vs_next_dist_0z7rf41._.js:2477
[  209112ms] [LOG] [Fast Refresh] rebuilding @ http://localhost:3000/_next/static/chunks/01vs_next_dist_0z7rf41._.js:2477
[  209156ms] [LOG] [Fast Refresh] done in 145ms @ http://localhost:3000/_next/static/chunks/01vs_next_dist_0z7rf41._.js:2477
[  209561ms] [WARNING] Canvas2D: Multiple readback operations using getImageData are faster with the willReadFrequently attribute set to true. See: https://html.spec.whatwg.org/multipage/canvas.html#concept-canvas-will-read-frequently @ https://webapi.amap.com/maps?callback=___onAPILoaded&v=2.0&key=44797665cc12a977e02cc47812c0dca7&plugin=AMap.Polygon,AMap.Marker,AMap.InfoWindow,AMap.MassMarks:0
[  225962ms] [INFO] %cDownload the React DevTools for a better development experience: https://react.dev/link/react-devtools font-weight:bold @ http://localhost:3000/_next/static/chunks/01vs_next_dist_0z7rf41._.js:2477
[  225972ms] [LOG] [HMR] connected @ http://localhost:3000/_next/static/chunks/01vs_next_dist_0z7rf41._.js:2477
[  226094ms] [LOG] [Fast Refresh] rebuilding @ http://localhost:3000/_next/static/chunks/01vs_next_dist_0z7rf41._.js:2477
[  226218ms] [LOG] [Fast Refresh] done in 232ms @ http://localhost:3000/_next/static/chunks/01vs_next_dist_0z7rf41._.js:2477
[  226676ms] [WARNING] Canvas2D: Multiple readback operations using getImageData are faster with the willReadFrequently attribute set to true. See: https://html.spec.whatwg.org/multipage/canvas.html#concept-canvas-will-read-frequently @ https://webapi.amap.com/maps?callback=___onAPILoaded&v=2.0&key=44797665cc12a977e02cc47812c0dca7&plugin=AMap.Polygon,AMap.Marker,AMap.InfoWindow,AMap.MassMarks:0
[  226815ms] [INFO] %cDownload the React DevTools for a better development experience: https://react.dev/link/react-devtools font-weight:bold @ http://localhost:3000/_next/static/chunks/01vs_next_dist_0z7rf41._.js:2477
[  226826ms] [LOG] [HMR] connected @ http://localhost:3000/_next/static/chunks/01vs_next_dist_0z7rf41._.js:2477
[  226955ms] [LOG] [Fast Refresh] rebuilding @ http://localhost:3000/_next/static/chunks/01vs_next_dist_0z7rf41._.js:2477
[  226964ms] [LOG] [Fast Refresh] done in 127ms @ http://localhost:3000/_next/static/chunks/01vs_next_dist_0z7rf41._.js:2477
[  227383ms] [WARNING] Canvas2D: Multiple readback operations using getImageData are faster with the willReadFrequently attribute set to true. See: https://html.spec.whatwg.org/multipage/canvas.html#concept-canvas-will-read-frequently @ https://webapi.amap.com/maps?callback=___onAPILoaded&v=2.0&key=44797665cc12a977e02cc47812c0dca7&plugin=AMap.Polygon,AMap.Marker,AMap.InfoWindow,AMap.MassMarks:0
[  241319ms] [INFO] %cDownload the React DevTools for a better development experience: https://react.dev/link/react-devtools font-weight:bold @ http://localhost:3000/_next/static/chunks/01vs_next_dist_0z7rf41._.js:2477
[  241327ms] [LOG] [HMR] connected @ http://localhost:3000/_next/static/chunks/01vs_next_dist_0z7rf41._.js:2477
[  241923ms] [WARNING] Canvas2D: Multiple readback operations using getImageData are faster with the willReadFrequently attribute set to true. See: https://html.spec.whatwg.org/multipage/canvas.html#concept-canvas-will-read-frequently @ https://webapi.amap.com/maps?callback=___onAPILoaded&v=2.0&key=44797665cc12a977e02cc47812c0dca7&plugin=AMap.Polygon,AMap.Marker,AMap.InfoWindow,AMap.MassMarks:0
[  492254ms] [LOG] [Fast Refresh] rebuilding @ http://localhost:3000/_next/static/chunks/01vs_next_dist_0z7rf41._.js:2477
[  492985ms] [LOG] [Fast Refresh] done in 669ms @ http://localhost:3000/_next/static/chunks/01vs_next_dist_0z7rf41._.js:2477
[  493070ms] [LOG] [Fast Refresh] rebuilding @ http://localhost:3000/_next/static/chunks/01vs_next_dist_0z7rf41._.js:2477
[  493085ms] [LOG] [Fast Refresh] done in 67ms @ http://localhost:3000/_next/static/chunks/01vs_next_dist_0z7rf41._.js:2477
[  493231ms] [ERROR] Failed to load resource: the server responded with a status of 500 (Internal Server Error) @ http://localhost:3000/:0
[  493255ms] [INFO] %cDownload the React DevTools for a better development experience: https://react.dev/link/react-devtools font-weight:bold @ http://localhost:3000/_next/static/chunks/01vs_next_dist_0z7rf41._.js:2477
[  493262ms] [LOG] [HMR] connected @ http://localhost:3000/_next/static/chunks/01vs_next_dist_0z7rf41._.js:2477
[  493351ms] ReferenceError: useCallback is not defined
    at HomePage (http://localhost:3000/_next/static/chunks/_0_xx58j._.js:3778:25)
    at Object.react_stack_bottom_frame (http://localhost:3000/_next/static/chunks/01vs_next_dist_compiled_react-dom_068f94d._.js:15037:24)
    at renderWithHooks (http://localhost:3000/_next/static/chunks/01vs_next_dist_compiled_react-dom_068f94d._.js:4620:24)
    at updateFunctionComponent (http://localhost:3000/_next/static/chunks/01vs_next_dist_compiled_react-dom_068f94d._.js:6081:21)
    at beginWork (http://localhost:3000/_next/static/chunks/01vs_next_dist_compiled_react-dom_068f94d._.js:6691:24)
    at runWithFiberInDEV (http://localhost:3000/_next/static/chunks/01vs_next_dist_compiled_react-dom_068f94d._.js:965:74)
    at performUnitOfWork (http://localhost:3000/_next/static/chunks/01vs_next_dist_compiled_react-dom_068f94d._.js:9555:97)
    at workLoopSync (http://localhost:3000/_next/static/chunks/01vs_next_dist_compiled_react-dom_068f94d._.js:9449:40)
    at renderRootSync (http://localhost:3000/_next/static/chunks/01vs_next_dist_compiled_react-dom_068f94d._.js:9433:13)
    at performWorkOnRoot (http://localhost:3000/_next/static/chunks/01vs_next_dist_compiled_react-dom_068f94d._.js:9098:47)
    at performWorkOnRootViaSchedulerTask (http://localhost:3000/_next/static/chunks/01vs_next_dist_compiled_react-dom_068f94d._.js:10255:9)
    at MessagePort.performWorkUntilDeadline (http://localhost:3000/_next/static/chunks/01vs_next_dist_compiled_0x276ti._.js:2647:64)
[  493412ms] [LOG] [Fast Refresh] rebuilding @ http://localhost:3000/_next/static/chunks/01vs_next_dist_0z7rf41._.js:2477
[  493414ms] [LOG] [Fast Refresh] done in 104ms @ http://localhost:3000/_next/static/chunks/01vs_next_dist_0z7rf41._.js:2477
[  547858ms] [LOG] [Fast Refresh] rebuilding @ http://localhost:3000/_next/static/chunks/01vs_next_dist_0z7rf41._.js:2477
[  547861ms] [WARNING] [Fast Refresh] performing full reload because your application had an unrecoverable error @ http://localhost:3000/_next/static/chunks/01vs_next_dist_0z7rf41._.js:2477
[  547894ms] [LOG] [Fast Refresh] done in 70ms @ http://localhost:3000/_next/static/chunks/01vs_next_dist_0z7rf41._.js:2477
[  548051ms] [INFO] %cDownload the React DevTools for a better development experience: https://react.dev/link/react-devtools font-weight:bold @ http://localhost:3000/_next/static/chunks/01vs_next_dist_0z7rf41._.js:2477
[  548064ms] [LOG] [HMR] connected @ http://localhost:3000/_next/static/chunks/01vs_next_dist_0z7rf41._.js:2477
[  548603ms] [WARNING] Canvas2D: Multiple readback operations using getImageData are faster with the willReadFrequently attribute set to true. See: https://html.spec.whatwg.org/multipage/canvas.html#concept-canvas-will-read-frequently @ https://webapi.amap.com/maps?callback=___onAPILoaded&v=2.0&key=44797665cc12a977e02cc47812c0dca7&plugin=AMap.Polygon,AMap.Marker,AMap.InfoWindow,AMap.MassMarks:0
[  621635ms] [LOG] [Fast Refresh] rebuilding @ http://localhost:3000/_next/static/chunks/01vs_next_dist_0z7rf41._.js:2477
[  621654ms] [LOG] [Fast Refresh] done in 44ms @ http://localhost:3000/_next/static/chunks/01vs_next_dist_0z7rf41._.js:2477
[  637554ms] [LOG] [Fast Refresh] rebuilding @ http://localhost:3000/_next/static/chunks/01vs_next_dist_0z7rf41._.js:2477
[  637651ms] [LOG] [Fast Refresh] done in 38ms @ http://localhost:3000/_next/static/chunks/01vs_next_dist_0z7rf41._.js:2477
