[     325ms] [WARNING] Canvas2D: Multiple readback operations using getImageData are faster with the willReadFrequently attribute set to true. See: https://html.spec.whatwg.org/multipage/canvas.html#concept-canvas-will-read-frequently @ https://webapi.amap.com/maps?callback=___onAPILoaded&v=2.0&key=44797665cc12a977e02cc47812c0dca7&plugin=AMap.Polygon,AMap.Marker,AMap.InfoWindow,AMap.MassMarks:0
[     409ms] [LOG] [Fast Refresh] rebuilding @ http://localhost:3000/_next/static/chunks/01vs_next_dist_0z7rf41._.js:2477
[     503ms] [LOG] [Fast Refresh] done in 235ms @ http://localhost:3000/_next/static/chunks/01vs_next_dist_0z7rf41._.js:2477
[   11180ms] [WARNING] Canvas2D: Multiple readback operations using getImageData are faster with the willReadFrequently attribute set to true. See: https://html.spec.whatwg.org/multipage/canvas.html#concept-canvas-will-read-frequently @ https://webapi.amap.com/maps?callback=___onAPILoaded&v=2.0&key=44797665cc12a977e02cc47812c0dca7&plugin=AMap.Polygon,AMap.Marker,AMap.InfoWindow,AMap.MassMarks:0
[   47614ms] [LOG] [Fast Refresh] rebuilding @ http://localhost:3000/_next/static/chunks/01vs_next_dist_0z7rf41._.js:2477
[   47636ms] [LOG] [Fast Refresh] done in 123ms @ http://localhost:3000/_next/static/chunks/01vs_next_dist_0z7rf41._.js:2477
[  206865ms] [LOG] [Fast Refresh] rebuilding @ http://localhost:3000/_next/static/chunks/01vs_next_dist_0z7rf41._.js:2477
[  206985ms] [LOG] [Fast Refresh] done in 70ms @ http://localhost:3000/_next/static/chunks/01vs_next_dist_0z7rf41._.js:2477
[  227635ms] [LOG] [Fast Refresh] rebuilding @ http://localhost:3000/_next/static/chunks/01vs_next_dist_0z7rf41._.js:2477
[  227730ms] [LOG] [Fast Refresh] done in 127ms @ http://localhost:3000/_next/static/chunks/01vs_next_dist_0z7rf41._.js:2477
[  515485ms] [LOG] [Fast Refresh] rebuilding @ http://localhost:3000/_next/static/chunks/01vs_next_dist_0z7rf41._.js:2477
[  516024ms] [LOG] [Fast Refresh] done in 154ms @ http://localhost:3000/_next/static/chunks/01vs_next_dist_0z7rf41._.js:2477
[  516488ms] [WARNING] Canvas2D: Multiple readback operations using getImageData are faster with the willReadFrequently attribute set to true. See: https://html.spec.whatwg.org/multipage/canvas.html#concept-canvas-will-read-frequently @ https://webapi.amap.com/maps?callback=___onAPILoaded&v=2.0&key=44797665cc12a977e02cc47812c0dca7&plugin=AMap.Polygon,AMap.Marker,AMap.InfoWindow,AMap.MassMarks:0
[  516848ms] [LOG] [Fast Refresh] rebuilding @ http://localhost:3000/_next/static/chunks/01vs_next_dist_0z7rf41._.js:2477
[  516871ms] [LOG] [Fast Refresh] done in 124ms @ http://localhost:3000/_next/static/chunks/01vs_next_dist_0z7rf41._.js:2477
[  865995ms] [LOG] [Fast Refresh] rebuilding @ http://localhost:3000/_next/static/chunks/01vs_next_dist_0z7rf41._.js:2477
[  866007ms] [LOG] [Fast Refresh] done in 102ms @ http://localhost:3000/_next/static/chunks/01vs_next_dist_0z7rf41._.js:2477
[  879850ms] [LOG] [Fast Refresh] rebuilding @ http://localhost:3000/_next/static/chunks/01vs_next_dist_0z7rf41._.js:2477
[  879932ms] [LOG] [Fast Refresh] done in 52ms @ http://localhost:3000/_next/static/chunks/01vs_next_dist_0z7rf41._.js:2477
[  880035ms] [LOG] [Fast Refresh] rebuilding @ http://localhost:3000/_next/static/chunks/01vs_next_dist_0z7rf41._.js:2477
[  880160ms] [LOG] [Fast Refresh] done in 227ms @ http://localhost:3000/_next/static/chunks/01vs_next_dist_0z7rf41._.js:2477
[  910881ms] [LOG] [Fast Refresh] rebuilding @ http://localhost:3000/_next/static/chunks/01vs_next_dist_0z7rf41._.js:2477
[  911886ms] [LOG] [Fast Refresh] done in 1000ms @ http://localhost:3000/_next/static/chunks/01vs_next_dist_0z7rf41._.js:2477
[  911987ms] [LOG] [Fast Refresh] rebuilding @ http://localhost:3000/_next/static/chunks/01vs_next_dist_0z7rf41._.js:2477
[  912187ms] [LOG] [Fast Refresh] done in 300ms @ http://localhost:3000/_next/static/chunks/01vs_next_dist_0z7rf41._.js:2477
[  912441ms] [LOG] [Fast Refresh] rebuilding @ http://localhost:3000/_next/static/chunks/01vs_next_dist_0z7rf41._.js:2477
[  912706ms] [LOG] [Fast Refresh] done in 366ms @ http://localhost:3000/_next/static/chunks/01vs_next_dist_0z7rf41._.js:2477
[  913116ms] [INFO] %cDownload the React DevTools for a better development experience: https://react.dev/link/react-devtools font-weight:bold @ http://localhost:3000/_next/static/chunks/01vs_next_dist_0z7rf41._.js:2477
[  913142ms] [LOG] [HMR] connected @ http://localhost:3000/_next/static/chunks/01vs_next_dist_0z7rf41._.js:2477
[  913321ms] [LOG] [Fast Refresh] rebuilding @ http://localhost:3000/_next/static/chunks/01vs_next_dist_0z7rf41._.js:2477
[  913382ms] [LOG] [Fast Refresh] done in 161ms @ http://localhost:3000/_next/static/chunks/01vs_next_dist_0z7rf41._.js:2477
[  926826ms] [LOG] [Fast Refresh] rebuilding @ http://localhost:3000/_next/static/chunks/01vs_next_dist_0z7rf41._.js:2477
[  926873ms] [LOG] [Fast Refresh] done in 68ms @ http://localhost:3000/_next/static/chunks/01vs_next_dist_0z7rf41._.js:2477
[ 1092062ms] [LOG] [Fast Refresh] rebuilding @ http://localhost:3000/_next/static/chunks/01vs_next_dist_0z7rf41._.js:2477
[ 1092230ms] [LOG] [Fast Refresh] done in 180ms @ http://localhost:3000/_next/static/chunks/01vs_next_dist_0z7rf41._.js:2477
[ 1092780ms] [LOG] [Fast Refresh] rebuilding @ http://localhost:3000/_next/static/chunks/01vs_next_dist_0z7rf41._.js:2477
[ 1092954ms] [LOG] [Fast Refresh] done in 276ms @ http://localhost:3000/_next/static/chunks/01vs_next_dist_0z7rf41._.js:2477
[ 1130118ms] [LOG] [Fast Refresh] rebuilding @ http://localhost:3000/_next/static/chunks/01vs_next_dist_0z7rf41._.js:2477
[ 1130724ms] [LOG] [Fast Refresh] done in 84ms @ http://localhost:3000/_next/static/chunks/01vs_next_dist_0z7rf41._.js:2477
[ 1131182ms] [WARNING] Canvas2D: Multiple readback operations using getImageData are faster with the willReadFrequently attribute set to true. See: https://html.spec.whatwg.org/multipage/canvas.html#concept-canvas-will-read-frequently @ https://webapi.amap.com/maps?callback=___onAPILoaded&v=2.0&key=44797665cc12a977e02cc47812c0dca7&plugin=AMap.Polygon,AMap.Marker,AMap.InfoWindow,AMap.MassMarks:0
[ 1308062ms] [LOG] [Fast Refresh] rebuilding @ http://localhost:3000/_next/static/chunks/01vs_next_dist_0z7rf41._.js:2477
[ 1308573ms] [LOG] [Fast Refresh] done in 614ms @ http://localhost:3000/_next/static/chunks/01vs_next_dist_0z7rf41._.js:2477
[ 1466333ms] [LOG] [Fast Refresh] rebuilding @ http://localhost:3000/_next/static/chunks/01vs_next_dist_0z7rf41._.js:2477
[ 1467111ms] [LOG] [Fast Refresh] done in 880ms @ http://localhost:3000/_next/static/chunks/01vs_next_dist_0z7rf41._.js:2477
[ 1541592ms] [LOG] [Fast Refresh] rebuilding @ http://localhost:3000/_next/static/chunks/01vs_next_dist_0z7rf41._.js:2477
[ 1541721ms] [LOG] [Fast Refresh] done in 219ms @ http://localhost:3000/_next/static/chunks/01vs_next_dist_0z7rf41._.js:2477
[ 1546300ms] [LOG] [Fast Refresh] rebuilding @ http://localhost:3000/_next/static/chunks/01vs_next_dist_0z7rf41._.js:2477
[ 1546341ms] [LOG] [Fast Refresh] done in 97ms @ http://localhost:3000/_next/static/chunks/01vs_next_dist_0z7rf41._.js:2477
[ 1546443ms] [LOG] [Fast Refresh] rebuilding @ http://localhost:3000/_next/static/chunks/01vs_next_dist_0z7rf41._.js:2477
[ 1546494ms] [LOG] [Fast Refresh] done in 152ms @ http://localhost:3000/_next/static/chunks/01vs_next_dist_0z7rf41._.js:2477
[ 1556374ms] [LOG] [Fast Refresh] rebuilding @ http://localhost:3000/_next/static/chunks/01vs_next_dist_0z7rf41._.js:2477
[ 1556935ms] [LOG] [Fast Refresh] done in 116ms @ http://localhost:3000/_next/static/chunks/01vs_next_dist_0z7rf41._.js:2477
[ 1557539ms] [WARNING] Canvas2D: Multiple readback operations using getImageData are faster with the willReadFrequently attribute set to true. See: https://html.spec.whatwg.org/multipage/canvas.html#concept-canvas-will-read-frequently @ https://webapi.amap.com/maps?callback=___onAPILoaded&v=2.0&key=44797665cc12a977e02cc47812c0dca7&plugin=AMap.Polygon,AMap.Marker,AMap.InfoWindow,AMap.MassMarks:0
[ 1557938ms] [LOG] [Fast Refresh] rebuilding @ http://localhost:3000/_next/static/chunks/01vs_next_dist_0z7rf41._.js:2477
[ 1557962ms] [LOG] [Fast Refresh] done in 126ms @ http://localhost:3000/_next/static/chunks/01vs_next_dist_0z7rf41._.js:2477
[ 1626498ms] [LOG] [Fast Refresh] rebuilding @ http://localhost:3000/_next/static/chunks/01vs_next_dist_0z7rf41._.js:2477
[ 1626517ms] [LOG] [Fast Refresh] done in 76ms @ http://localhost:3000/_next/static/chunks/01vs_next_dist_0z7rf41._.js:2477
[ 1654221ms] [LOG] [Fast Refresh] rebuilding @ http://localhost:3000/_next/static/chunks/01vs_next_dist_0z7rf41._.js:2477
[ 1654243ms] [LOG] [Fast Refresh] done in 64ms @ http://localhost:3000/_next/static/chunks/01vs_next_dist_0z7rf41._.js:2477
[ 2195990ms] [LOG] [Fast Refresh] rebuilding @ http://localhost:3000/_next/static/chunks/01vs_next_dist_0z7rf41._.js:2477
[ 2196320ms] [LOG] [Fast Refresh] done in 270ms @ http://localhost:3000/_next/static/chunks/01vs_next_dist_0z7rf41._.js:2477
[ 2243795ms] [LOG] [Fast Refresh] rebuilding @ http://localhost:3000/_next/static/chunks/01vs_next_dist_0z7rf41._.js:2477
[ 2243923ms] [LOG] [Fast Refresh] done in 230ms @ http://localhost:3000/_next/static/chunks/01vs_next_dist_0z7rf41._.js:2477
[ 2457680ms] [LOG] [Fast Refresh] rebuilding @ http://localhost:3000/_next/static/chunks/01vs_next_dist_0z7rf41._.js:2477
[ 2457700ms] [LOG] [Fast Refresh] done in 122ms @ http://localhost:3000/_next/static/chunks/01vs_next_dist_0z7rf41._.js:2477
[ 2848048ms] [LOG] [Fast Refresh] rebuilding @ http://localhost:3000/_next/static/chunks/01vs_next_dist_0z7rf41._.js:2477
[ 2848048ms] [LOG] [Fast Refresh] done in 103ms @ http://localhost:3000/_next/static/chunks/01vs_next_dist_0z7rf41._.js:2477
[ 2850347ms] [LOG] [Fast Refresh] rebuilding @ http://localhost:3000/_next/static/chunks/01vs_next_dist_0z7rf41._.js:2477
[ 2851099ms] [LOG] [Fast Refresh] done in 854ms @ http://localhost:3000/_next/static/chunks/01vs_next_dist_0z7rf41._.js:2477
[ 3441890ms] [LOG] [Fast Refresh] rebuilding @ http://localhost:3000/_next/static/chunks/01vs_next_dist_0z7rf41._.js:2477
[ 3441946ms] [LOG] [Fast Refresh] done in 157ms @ http://localhost:3000/_next/static/chunks/01vs_next_dist_0z7rf41._.js:2477
[ 3817968ms] [LOG] [Fast Refresh] rebuilding @ http://localhost:3000/_next/static/chunks/01vs_next_dist_0z7rf41._.js:2477
[ 3818058ms] [LOG] [Fast Refresh] done in 190ms @ http://localhost:3000/_next/static/chunks/01vs_next_dist_0z7rf41._.js:2477
[ 4162347ms] [LOG] [Fast Refresh] rebuilding @ http://localhost:3000/_next/static/chunks/01vs_next_dist_0z7rf41._.js:2477
[ 4162483ms] [LOG] [Fast Refresh] done in 237ms @ http://localhost:3000/_next/static/chunks/01vs_next_dist_0z7rf41._.js:2477
[ 4920075ms] [LOG] [Fast Refresh] rebuilding @ http://localhost:3000/_next/static/chunks/01vs_next_dist_0z7rf41._.js:2477
[ 4920566ms] [LOG] [Fast Refresh] done in 593ms @ http://localhost:3000/_next/static/chunks/01vs_next_dist_0z7rf41._.js:2477
[ 4965127ms] [LOG] [Fast Refresh] rebuilding @ http://localhost:3000/_next/static/chunks/01vs_next_dist_0z7rf41._.js:2477
[ 4966952ms] [LOG] [Fast Refresh] done in 366ms @ http://localhost:3000/_next/static/chunks/01vs_next_dist_0z7rf41._.js:2477
[ 4967090ms] [LOG] [Fast Refresh] rebuilding @ http://localhost:3000/_next/static/chunks/01vs_next_dist_0z7rf41._.js:2477
[ 4967248ms] [LOG] [Fast Refresh] done in 258ms @ http://localhost:3000/_next/static/chunks/01vs_next_dist_0z7rf41._.js:2477
[ 4967380ms] [LOG] [Fast Refresh] rebuilding @ http://localhost:3000/_next/static/chunks/01vs_next_dist_0z7rf41._.js:2477
[ 4967451ms] [LOG] [Fast Refresh] done in 171ms @ http://localhost:3000/_next/static/chunks/01vs_next_dist_0z7rf41._.js:2477
[ 5056696ms] [LOG] [Fast Refresh] rebuilding @ http://localhost:3000/_next/static/chunks/01vs_next_dist_0z7rf41._.js:2477
[ 5056723ms] [LOG] [Fast Refresh] done in 82ms @ http://localhost:3000/_next/static/chunks/01vs_next_dist_0z7rf41._.js:2477
[ 5072949ms] [LOG] [Fast Refresh] rebuilding @ http://localhost:3000/_next/static/chunks/01vs_next_dist_0z7rf41._.js:2477
[ 5072979ms] [LOG] [Fast Refresh] done in 30ms @ http://localhost:3000/_next/static/chunks/01vs_next_dist_0z7rf41._.js:2477
[ 5082262ms] [LOG] [Fast Refresh] rebuilding @ http://localhost:3000/_next/static/chunks/01vs_next_dist_0z7rf41._.js:2477
[ 5082938ms] [LOG] [Fast Refresh] done in 679ms @ http://localhost:3000/_next/static/chunks/01vs_next_dist_0z7rf41._.js:2477
[ 5083109ms] [LOG] [Fast Refresh] rebuilding @ http://localhost:3000/_next/static/chunks/01vs_next_dist_0z7rf41._.js:2477
[ 5083109ms] [LOG] [Fast Refresh] done in 124ms @ http://localhost:3000/_next/static/chunks/01vs_next_dist_0z7rf41._.js:2477
[ 5131784ms] [LOG] [Fast Refresh] rebuilding @ http://localhost:3000/_next/static/chunks/01vs_next_dist_0z7rf41._.js:2477
[ 5132938ms] [LOG] [Fast Refresh] done in 1255ms @ http://localhost:3000/_next/static/chunks/01vs_next_dist_0z7rf41._.js:2477
[ 5427932ms] [LOG] [Fast Refresh] rebuilding @ http://localhost:3000/_next/static/chunks/01vs_next_dist_0z7rf41._.js:2477
[ 5427994ms] [LOG] [Fast Refresh] done in 163ms @ http://localhost:3000/_next/static/chunks/01vs_next_dist_0z7rf41._.js:2477
[ 5428255ms] [LOG] [Fast Refresh] rebuilding @ http://localhost:3000/_next/static/chunks/01vs_next_dist_0z7rf41._.js:2477
[ 5428339ms] [LOG] [Fast Refresh] done in 185ms @ http://localhost:3000/_next/static/chunks/01vs_next_dist_0z7rf41._.js:2477
[ 5674702ms] [LOG] [Fast Refresh] rebuilding @ http://localhost:3000/_next/static/chunks/01vs_next_dist_0z7rf41._.js:2477
[ 5676096ms] [LOG] [Fast Refresh] done in 1338ms @ http://localhost:3000/_next/static/chunks/01vs_next_dist_0z7rf41._.js:2477
[ 5676307ms] [LOG] [Fast Refresh] rebuilding @ http://localhost:3000/_next/static/chunks/01vs_next_dist_0z7rf41._.js:2477
[ 5676365ms] [LOG] [Fast Refresh] done in 158ms @ http://localhost:3000/_next/static/chunks/01vs_next_dist_0z7rf41._.js:2477
[ 5687249ms] [LOG] [Fast Refresh] rebuilding @ http://localhost:3000/_next/static/chunks/01vs_next_dist_0z7rf41._.js:2477
[ 5687784ms] [LOG] [Fast Refresh] done in 500ms @ http://localhost:3000/_next/static/chunks/01vs_next_dist_0z7rf41._.js:2477
[ 5713039ms] [LOG] [Fast Refresh] rebuilding @ http://localhost:3000/_next/static/chunks/01vs_next_dist_0z7rf41._.js:2477
[ 5713064ms] [LOG] [Fast Refresh] done in 96ms @ http://localhost:3000/_next/static/chunks/01vs_next_dist_0z7rf41._.js:2477
[ 5776767ms] [LOG] [Fast Refresh] rebuilding @ http://localhost:3000/_next/static/chunks/01vs_next_dist_0z7rf41._.js:2477
[ 5776792ms] [LOG] [Fast Refresh] done in 126ms @ http://localhost:3000/_next/static/chunks/01vs_next_dist_0z7rf41._.js:2477
[ 5777342ms] [LOG] [Fast Refresh] rebuilding @ http://localhost:3000/_next/static/chunks/01vs_next_dist_0z7rf41._.js:2477
[ 5777367ms] [LOG] [Fast Refresh] done in 127ms @ http://localhost:3000/_next/static/chunks/01vs_next_dist_0z7rf41._.js:2477
[ 5788970ms] [LOG] [Fast Refresh] rebuilding @ http://localhost:3000/_next/static/chunks/01vs_next_dist_0z7rf41._.js:2477
[ 5789075ms] [LOG] [Fast Refresh] done in 206ms @ http://localhost:3000/_next/static/chunks/01vs_next_dist_0z7rf41._.js:2477
[ 6000943ms] [LOG] [Fast Refresh] rebuilding @ http://localhost:3000/_next/static/chunks/01vs_next_dist_0z7rf41._.js:2477
[ 6000951ms] [LOG] [Fast Refresh] done in 110ms @ http://localhost:3000/_next/static/chunks/01vs_next_dist_0z7rf41._.js:2477
[ 6039121ms] [LOG] [Fast Refresh] rebuilding @ http://localhost:3000/_next/static/chunks/01vs_next_dist_0z7rf41._.js:2477
[ 6039309ms] [LOG] [Fast Refresh] done in 263ms @ http://localhost:3000/_next/static/chunks/01vs_next_dist_0z7rf41._.js:2477
[ 7540223ms] [ERROR] WebSocket connection to 'ws://localhost:3000/_next/webpack-hmr?id=JADCzHWEC-m2TlB7MR6pA' failed: Error in connection establishment: net::ERR_CONNECTION_REFUSED @ http://localhost:3000/_next/static/chunks/01vs_next_dist_client_10-2.sc._.js:13322
[ 7541225ms] [ERROR] WebSocket connection to 'ws://localhost:3000/_next/webpack-hmr?id=JADCzHWEC-m2TlB7MR6pA' failed: Error in connection establishment: net::ERR_CONNECTION_REFUSED @ http://localhost:3000/_next/static/chunks/01vs_next_dist_client_10-2.sc._.js:13322
[ 7542755ms] [LOG] [HMR] connected @ http://localhost:3000/_next/static/chunks/01vs_next_dist_0z7rf41._.js:2477
[ 7543699ms] [INFO] %cDownload the React DevTools for a better development experience: https://react.dev/link/react-devtools font-weight:bold @ http://localhost:3000/_next/static/chunks/01vs_next_dist_0z7rf41._.js:2477
[ 7543837ms] [LOG] [HMR] connected @ http://localhost:3000/_next/static/chunks/01vs_next_dist_0z7rf41._.js:2477
[ 7544602ms] [LOG] [Fast Refresh] rebuilding @ http://localhost:3000/_next/static/chunks/01vs_next_dist_0z7rf41._.js:2477
[ 7544610ms] [LOG] [Fast Refresh] done in 109ms @ http://localhost:3000/_next/static/chunks/01vs_next_dist_0z7rf41._.js:2477
[ 7546188ms] [ERROR] WebSocket connection to 'ws://localhost:3000/_next/webpack-hmr?id=DwznPp28kt2JBwKTdwspz' failed: Error in connection establishment: net::ERR_CONNECTION_REFUSED @ http://localhost:3000/_next/static/chunks/01vs_next_dist_client_10-2.sc._.js:13322
[ 7547192ms] [ERROR] WebSocket connection to 'ws://localhost:3000/_next/webpack-hmr?id=DwznPp28kt2JBwKTdwspz' failed: Error in connection establishment: net::ERR_CONNECTION_REFUSED @ http://localhost:3000/_next/static/chunks/01vs_next_dist_client_10-2.sc._.js:13322
[ 7548195ms] [ERROR] WebSocket connection to 'ws://localhost:3000/_next/webpack-hmr?id=DwznPp28kt2JBwKTdwspz' failed: Error in connection establishment: net::ERR_CONNECTION_REFUSED @ http://localhost:3000/_next/static/chunks/01vs_next_dist_client_10-2.sc._.js:13322
[ 7549198ms] [ERROR] WebSocket connection to 'ws://localhost:3000/_next/webpack-hmr?id=DwznPp28kt2JBwKTdwspz' failed: Error in connection establishment: net::ERR_CONNECTION_REFUSED @ http://localhost:3000/_next/static/chunks/01vs_next_dist_client_10-2.sc._.js:13322
[ 7550201ms] [ERROR] WebSocket connection to 'ws://localhost:3000/_next/webpack-hmr?id=DwznPp28kt2JBwKTdwspz' failed: Error in connection establishment: net::ERR_CONNECTION_REFUSED @ http://localhost:3000/_next/static/chunks/01vs_next_dist_client_10-2.sc._.js:13322
[ 7555207ms] [ERROR] WebSocket connection to 'ws://localhost:3000/_next/webpack-hmr?id=DwznPp28kt2JBwKTdwspz' failed: Error in connection establishment: net::ERR_CONNECTION_REFUSED @ http://localhost:3000/_next/static/chunks/01vs_next_dist_client_10-2.sc._.js:13322
[ 7560211ms] [ERROR] WebSocket connection to 'ws://localhost:3000/_next/webpack-hmr?id=DwznPp28kt2JBwKTdwspz' failed: Error in connection establishment: net::ERR_CONNECTION_REFUSED @ http://localhost:3000/_next/static/chunks/01vs_next_dist_client_10-2.sc._.js:13322
[ 7565215ms] [ERROR] WebSocket connection to 'ws://localhost:3000/_next/webpack-hmr?id=DwznPp28kt2JBwKTdwspz' failed: Error in connection establishment: net::ERR_CONNECTION_REFUSED @ http://localhost:3000/_next/static/chunks/01vs_next_dist_client_10-2.sc._.js:13322
[ 7570218ms] [ERROR] WebSocket connection to 'ws://localhost:3000/_next/webpack-hmr?id=DwznPp28kt2JBwKTdwspz' failed: Error in connection establishment: net::ERR_CONNECTION_REFUSED @ http://localhost:3000/_next/static/chunks/01vs_next_dist_client_10-2.sc._.js:13322
[ 7575223ms] [ERROR] WebSocket connection to 'ws://localhost:3000/_next/webpack-hmr?id=DwznPp28kt2JBwKTdwspz' failed: Error in connection establishment: net::ERR_CONNECTION_REFUSED @ http://localhost:3000/_next/static/chunks/01vs_next_dist_client_10-2.sc._.js:13322
[ 7580227ms] [ERROR] WebSocket connection to 'ws://localhost:3000/_next/webpack-hmr?id=DwznPp28kt2JBwKTdwspz' failed: Error in connection establishment: net::ERR_CONNECTION_REFUSED @ http://localhost:3000/_next/static/chunks/01vs_next_dist_client_10-2.sc._.js:13322
[ 7585232ms] [ERROR] WebSocket connection to 'ws://localhost:3000/_next/webpack-hmr?id=DwznPp28kt2JBwKTdwspz' failed: Error in connection establishment: net::ERR_CONNECTION_REFUSED @ http://localhost:3000/_next/static/chunks/01vs_next_dist_client_10-2.sc._.js:13322
