Total messages: 1 (Errors: 0, Warnings: 1)
Returning 35 messages for level "warning"

[WARNING] Canvas2D: Multiple readback operations using getImageData are faster with the willReadFrequently attribute set to true. See: https://html.spec.whatwg.org/multipage/canvas.html#concept-canvas-will-read-frequently @ https://webapi.amap.com/maps?callback=___onAPILoaded&v=2.0&key=44797665cc12a977e02cc47812c0dca7&plugin=AMap.Polygon,AMap.Marker,AMap.InfoWindow,AMap.MassMarks:0
[WARNING] Canvas2D: Multiple readback operations using getImageData are faster with the willReadFrequently attribute set to true. See: https://html.spec.whatwg.org/multipage/canvas.html#concept-canvas-will-read-frequently @ https://webapi.amap.com/maps?callback=___onAPILoaded&v=2.0&key=44797665cc12a977e02cc47812c0dca7&plugin=AMap.Polygon,AMap.Marker,AMap.InfoWindow,AMap.MassMarks:0
[WARNING] Canvas2D: Multiple readback operations using getImageData are faster with the willReadFrequently attribute set to true. See: https://html.spec.whatwg.org/multipage/canvas.html#concept-canvas-will-read-frequently @ https://webapi.amap.com/maps?callback=___onAPILoaded&v=2.0&key=44797665cc12a977e02cc47812c0dca7&plugin=AMap.Polygon,AMap.Marker,AMap.InfoWindow,AMap.MassMarks:0
[WARNING] Canvas2D: Multiple readback operations using getImageData are faster with the willReadFrequently attribute set to true. See: https://html.spec.whatwg.org/multipage/canvas.html#concept-canvas-will-read-frequently @ https://webapi.amap.com/maps?callback=___onAPILoaded&v=2.0&key=44797665cc12a977e02cc47812c0dca7&plugin=AMap.Polygon,AMap.Marker,AMap.InfoWindow,AMap.MassMarks:0
[WARNING] Canvas2D: Multiple readback operations using getImageData are faster with the willReadFrequently attribute set to true. See: https://html.spec.whatwg.org/multipage/canvas.html#concept-canvas-will-read-frequently @ https://webapi.amap.com/maps?callback=___onAPILoaded&v=2.0&key=44797665cc12a977e02cc47812c0dca7&plugin=AMap.Polygon,AMap.Marker,AMap.InfoWindow,AMap.MassMarks:0
[WARNING] A parser-blocking, cross site (i.e. different eTLD+1) script, https://jhelper.shanghai.gov.cn/publicJS/3101200012.js, is invoked via document.write. The network request for this script MAY be blocked by the browser in this or a future page load due to poor network connectivity. If blocked in this page load, it will be confirmed in a subsequent console message. See https://www.chromestatus.com/feature/5718547946799104 for more details. @ https://xxgk.fengxian.gov.cn/lang/wza/wza.js:1
[WARNING] A parser-blocking, cross site (i.e. different eTLD+1) script, https://jhelper.shanghai.gov.cn/publicJS/3101200012.js, is invoked via document.write. The network request for this script MAY be blocked by the browser in this or a future page load due to poor network connectivity. If blocked in this page load, it will be confirmed in a subsequent console message. See https://www.chromestatus.com/feature/5718547946799104 for more details. @ https://xxgk.fengxian.gov.cn/lang/wza/wza.js:1
[WARNING] A parser-blocking, cross site (i.e. different eTLD+1) script, https://wza.shanghai.gov.cn/a11y/schubert.js, is invoked via document.write. The network request for this script MAY be blocked by the browser in this or a future page load due to poor network connectivity. If blocked in this page load, it will be confirmed in a subsequent console message. See https://www.chromestatus.com/feature/5718547946799104 for more details. @ https://jhelper.shanghai.gov.cn/publicJS/3101200012.js:74
[WARNING] A parser-blocking, cross site (i.e. different eTLD+1) script, https://wza.shanghai.gov.cn/a11y/schubert.js, is invoked via document.write. The network request for this script MAY be blocked by the browser in this or a future page load due to poor network connectivity. If blocked in this page load, it will be confirmed in a subsequent console message. See https://www.chromestatus.com/feature/5718547946799104 for more details. @ https://jhelper.shanghai.gov.cn/publicJS/3101200012.js:74
[WARNING] A parser-blocking, cross site (i.e. different eTLD+1) script, https://stat.shanghai.gov.cn/js/ew_tracker.js, is invoked via document.write. The network request for this script MAY be blocked by the browser in this or a future page load due to poor network connectivity. If blocked in this page load, it will be confirmed in a subsequent console message. See https://www.chromestatus.com/feature/5718547946799104 for more details. @ https://jhelper.shanghai.gov.cn/publicJS/3101200012.js:74
[WARNING] A parser-blocking, cross site (i.e. different eTLD+1) script, https://voice.shanghai.gov.cn/js/gov_msc.js, is invoked via document.write. The network request for this script MAY be blocked by the browser in this or a future page load due to poor network connectivity. If blocked in this page load, it will be confirmed in a subsequent console message. See https://www.chromestatus.com/feature/5718547946799104 for more details. @ https://jhelper.shanghai.gov.cn/publicJS/3101200012.js:74
[WARNING] A parser-blocking, cross site (i.e. different eTLD+1) script, https://stat.shanghai.gov.cn/js/tongyi/jhelper/languagecommon.js, is invoked via document.write. The network request for this script MAY be blocked by the browser in this or a future page load due to poor network connectivity. If blocked in this page load, it will be confirmed in a subsequent console message. See https://www.chromestatus.com/feature/5718547946799104 for more details. @ https://jhelper.shanghai.gov.cn/publicJS/3101200012.js:74
[WARNING] A parser-blocking, cross site (i.e. different eTLD+1) script, https://stat.shanghai.gov.cn/wzagjt/jhelper_wza.js, is invoked via document.write. The network request for this script MAY be blocked by the browser in this or a future page load due to poor network connectivity. If blocked in this page load, it will be confirmed in a subsequent console message. See https://www.chromestatus.com/feature/5718547946799104 for more details. @ https://jhelper.shanghai.gov.cn/publicJS/3101200012.js:74
[WARNING] A parser-blocking, cross site (i.e. different eTLD+1) script, https://jhelper.shanghai.gov.cn/wzagjt/a11y/access.js, is invoked via document.write. The network request for this script MAY be blocked by the browser in this or a future page load due to poor network connectivity. If blocked in this page load, it will be confirmed in a subsequent console message. See https://www.chromestatus.com/feature/5718547946799104 for more details. @ https://jhelper.shanghai.gov.cn/publicJS/3101200012.js:74
[WARNING] A parser-blocking, cross site (i.e. different eTLD+1) script, https://jhelper.shanghai.gov.cn/jhelper/myshare/share.min.js, is invoked via document.write. The network request for this script MAY be blocked by the browser in this or a future page load due to poor network connectivity. If blocked in this page load, it will be confirmed in a subsequent console message. See https://www.chromestatus.com/feature/5718547946799104 for more details. @ https://jhelper.shanghai.gov.cn/publicJS/3101200012.js:74
[WARNING] A parser-blocking, cross site (i.e. different eTLD+1) script, https://stat.shanghai.gov.cn/js/point_js/point_297.js, is invoked via document.write. The network request for this script MAY be blocked by the browser in this or a future page load due to poor network connectivity. If blocked in this page load, it will be confirmed in a subsequent console message. See https://www.chromestatus.com/feature/5718547946799104 for more details. @ https://jhelper.shanghai.gov.cn/publicJS/3101200012.js:74
[WARNING] A parser-blocking, cross site (i.e. different eTLD+1) script, https://jhelper.shanghai.gov.cn/publicpack/api/getWeather?location=fengxian, is invoked via document.write. The network request for this script MAY be blocked by the browser in this or a future page load due to poor network connectivity. If blocked in this page load, it will be confirmed in a subsequent console message. See https://www.chromestatus.com/feature/5718547946799104 for more details. @ https://jhelper.shanghai.gov.cn/publicJS/3101200012.js:74
[ERROR] TypeError: Cannot read properties of undefined (reading 'replace')
    at o.processHtml (https://xxgk.fengxian.gov.cn/js/chunk-2ebaf27a.c34f885e.js:1:42208)
    at fn (https://xxgk.fengxian.gov.cn/js/chunk-2ebaf27a.c34f885e.js:1:25037)
    at n (https://xxgk.fengxian.gov.cn/js/chunk-vendors.2f4994c7.js:11:16508)
    at o.jt [as _t] (https://xxgk.fengxian.gov.cn/js/chunk-vendors.2f4994c7.js:11:17345)
    at o.a (https://xxgk.fengxian.gov.cn/js/app.5a1fa289.js:1:50705)
    at e._render (https://xxgk.fengxian.gov.cn/js/chunk-vendors.2f4994c7.js:11:23733)
    at o.n (https://xxgk.fengxian.gov.cn/js/chunk-vendors.2f4994c7.js:11:27824)
    at tn.get (https://xxgk.fengxian.gov.cn/js/chunk-vendors.2f4994c7.js:11:30684)
    at new tn (https://xxgk.fengxian.gov.cn/js/chunk-vendors.2f4994c7.js:11:30602)
    at Rr (https://xxgk.fengxian.gov.cn/js/chunk-vendors.2f4994c7.js:11:27838) @ https://xxgk.fengxian.gov.cn/js/chunk-vendors.2f4994c7.js:10
[ERROR] InvalidPDFException @ https://xxgk.fengxian.gov.cn/js/chunk-2ebaf27a.c34f885e.js:0
[WARNING] Canvas2D: Multiple readback operations using getImageData are faster with the willReadFrequently attribute set to true. See: https://html.spec.whatwg.org/multipage/canvas.html#concept-canvas-will-read-frequently @ https://webapi.amap.com/maps?callback=___onAPILoaded&v=2.0&key=44797665cc12a977e02cc47812c0dca7&plugin=AMap.Polygon,AMap.Marker,AMap.InfoWindow,AMap.MassMarks:0
[WARNING] Canvas2D: Multiple readback operations using getImageData are faster with the willReadFrequently attribute set to true. See: https://html.spec.whatwg.org/multipage/canvas.html#concept-canvas-will-read-frequently @ https://webapi.amap.com/maps?callback=___onAPILoaded&v=2.0&key=44797665cc12a977e02cc47812c0dca7&plugin=AMap.Polygon,AMap.Marker,AMap.InfoWindow,AMap.MassMarks:0
[WARNING] Canvas2D: Multiple readback operations using getImageData are faster with the willReadFrequently attribute set to true. See: https://html.spec.whatwg.org/multipage/canvas.html#concept-canvas-will-read-frequently @ https://webapi.amap.com/maps?callback=___onAPILoaded&v=2.0&key=44797665cc12a977e02cc47812c0dca7&plugin=AMap.Polygon,AMap.Marker,AMap.InfoWindow,AMap.MassMarks:0
[WARNING] Canvas2D: Multiple readback operations using getImageData are faster with the willReadFrequently attribute set to true. See: https://html.spec.whatwg.org/multipage/canvas.html#concept-canvas-will-read-frequently @ https://webapi.amap.com/maps?callback=___onAPILoaded&v=2.0&key=44797665cc12a977e02cc47812c0dca7&plugin=AMap.Polygon,AMap.Marker,AMap.InfoWindow,AMap.MassMarks:0
[WARNING] Canvas2D: Multiple readback operations using getImageData are faster with the willReadFrequently attribute set to true. See: https://html.spec.whatwg.org/multipage/canvas.html#concept-canvas-will-read-frequently @ https://webapi.amap.com/maps?callback=___onAPILoaded&v=2.0&key=44797665cc12a977e02cc47812c0dca7&plugin=AMap.Polygon,AMap.Marker,AMap.InfoWindow,AMap.MassMarks:0
[WARNING] Canvas2D: Multiple readback operations using getImageData are faster with the willReadFrequently attribute set to true. See: https://html.spec.whatwg.org/multipage/canvas.html#concept-canvas-will-read-frequently @ https://webapi.amap.com/maps?callback=___onAPILoaded&v=2.0&key=44797665cc12a977e02cc47812c0dca7&plugin=AMap.Polygon,AMap.Marker,AMap.InfoWindow,AMap.MassMarks:0
[WARNING] Canvas2D: Multiple readback operations using getImageData are faster with the willReadFrequently attribute set to true. See: https://html.spec.whatwg.org/multipage/canvas.html#concept-canvas-will-read-frequently @ https://webapi.amap.com/maps?callback=___onAPILoaded&v=2.0&key=44797665cc12a977e02cc47812c0dca7&plugin=AMap.Polygon,AMap.Marker,AMap.InfoWindow,AMap.MassMarks:0
[WARNING] Canvas2D: Multiple readback operations using getImageData are faster with the willReadFrequently attribute set to true. See: https://html.spec.whatwg.org/multipage/canvas.html#concept-canvas-will-read-frequently @ https://webapi.amap.com/maps?callback=___onAPILoaded&v=2.0&key=44797665cc12a977e02cc47812c0dca7&plugin=AMap.Polygon,AMap.Marker,AMap.InfoWindow,AMap.MassMarks:0
[ERROR] Failed to load resource: the server responded with a status of 500 (Internal Server Error) @ http://localhost:3001/api/completeness?year=2025:0
[ERROR] Failed to load resource: the server responded with a status of 500 (Internal Server Error) @ http://localhost:3001/api/completeness?year=2025:0
[ERROR] Failed to load resource: the server responded with a status of 500 (Internal Server Error) @ http://localhost:3001/api/completeness?year=2025:0
[ERROR] Failed to load resource: the server responded with a status of 500 (Internal Server Error) @ http://localhost:3001/api/completeness?year=2025:0
[WARNING] Canvas2D: Multiple readback operations using getImageData are faster with the willReadFrequently attribute set to true. See: https://html.spec.whatwg.org/multipage/canvas.html#concept-canvas-will-read-frequently @ https://webapi.amap.com/maps?callback=___onAPILoaded&v=2.0&key=44797665cc12a977e02cc47812c0dca7&plugin=AMap.Polygon,AMap.Marker,AMap.InfoWindow,AMap.MassMarks:0
[WARNING] Canvas2D: Multiple readback operations using getImageData are faster with the willReadFrequently attribute set to true. See: https://html.spec.whatwg.org/multipage/canvas.html#concept-canvas-will-read-frequently @ https://webapi.amap.com/maps?callback=___onAPILoaded&v=2.0&key=44797665cc12a977e02cc47812c0dca7&plugin=AMap.Polygon,AMap.Marker,AMap.InfoWindow,AMap.MassMarks:0
ReferenceError: RISK_BADGE is not defined
    at eval (http://localhost:3001/_next/static/chunks/_0_xx58j._.js?id=%255Bproject%255D%252Fcomponents%252Ftable%252FSchoolTable.tsx+%255Bapp-client%255D+%2528ecmascript%2529:288:226)
    at Array.map (<anonymous>)
    at SchoolTable (http://localhost:3001/_next/static/chunks/_0_xx58j._.js?id=%255Bproject%255D%252Fcomponents%252Ftable%252FSchoolTable.tsx+%255Bapp-client%255D+%2528ecmascript%2529:170:27)
    at Object.react_stack_bottom_frame (http://localhost:3001/_next/static/chunks/01vs_next_dist_compiled_react-dom_068f94d._.js:15037:24)
    at renderWithHooks (http://localhost:3001/_next/static/chunks/01vs_next_dist_compiled_react-dom_068f94d._.js:4620:24)
    at updateFunctionComponent (http://localhost:3001/_next/static/chunks/01vs_next_dist_compiled_react-dom_068f94d._.js:6081:21)
    at beginWork (http://localhost:3001/_next/static/chunks/01vs_next_dist_compiled_react-dom_068f94d._.js:6691:24)
    at runWithFiberInDEV (http://localhost:3001/_next/static/chunks/01vs_next_dist_compiled_react-dom_068f94d._.js:965:74)
    at performUnitOfWork (http://localhost:3001/_next/static/chunks/01vs_next_dist_compiled_react-dom_068f94d._.js:9555:97)
    at workLoopSync (http://localhost:3001/_next/static/chunks/01vs_next_dist_compiled_react-dom_068f94d._.js:9449:40)
    at renderRootSync (http://localhost:3001/_next/static/chunks/01vs_next_dist_compiled_react-dom_068f94d._.js:9433:13)
    at performWorkOnRoot (http://localhost:3001/_next/static/chunks/01vs_next_dist_compiled_react-dom_068f94d._.js:9098:47)
    at performSyncWorkOnRoot (http://localhost:3001/_next/static/chunks/01vs_next_dist_compiled_react-dom_068f94d._.js:10263:9)
    at flushSyncWorkAcrossRoots_impl (http://localhost:3001/_next/static/chunks/01vs_next_dist_compiled_react-dom_068f94d._.js:10179:316)
    at flushSyncWork$1 (http://localhost:3001/_next/static/chunks/01vs_next_dist_compiled_react-dom_068f94d._.js:9230:86)
    at Object.scheduleRefresh (http://localhost:3001/_next/static/chunks/01vs_next_dist_compiled_react-dom_068f94d._.js:299:13)
    at http://localhost:3001/_next/static/chunks/01vs_next_dist_compiled_0x276ti._.js:391:33
    at Set.forEach (<anonymous>)
    at Object.performReactRefresh (http://localhost:3001/_next/static/chunks/01vs_next_dist_compiled_0x276ti._.js:384:38)
    at applyUpdate (http://localhost:3001/_next/static/chunks/01vs_next_dist_compiled_0x276ti._.js:878:31)
    at http://localhost:3001/_next/static/chunks/01vs_next_dist_compiled_0x276ti._.js:886:13
ReferenceError: _tracker_ is not defined
    at https://voice.shanghai.gov.cn/gateway/tts/speak:115:7